Archive member included to satisfy reference by file (symbol)

/usr/lib/gcc/arm-none-eabi/7.3.1/thumb/v7e-m/libgcc.a(_arm_addsubdf3.o)
                              CMakeFiles/sh1106UltimateLib.elf.dir/Src/sh1106Ultimate.c.obj (__aeabi_dsub)
/usr/lib/gcc/arm-none-eabi/7.3.1/thumb/v7e-m/libgcc.a(_arm_fixunsdfsi.o)
                              CMakeFiles/sh1106UltimateLib.elf.dir/Src/sh1106Ultimate.c.obj (__aeabi_d2uiz)
/usr/lib/gcc/arm-none-eabi/7.3.1/thumb/v7e-m/libgcc.a(_aeabi_uldivmod.o)
                              CMakeFiles/sh1106UltimateLib.elf.dir/Drivers/STM32F4xx_HAL_Driver/Src/stm32f4xx_hal_rcc.c.obj (__aeabi_uldivmod)
/usr/lib/gcc/arm-none-eabi/7.3.1/thumb/v7e-m/libgcc.a(_udivmoddi4.o)
                              /usr/lib/gcc/arm-none-eabi/7.3.1/thumb/v7e-m/libgcc.a(_aeabi_uldivmod.o) (__udivmoddi4)
/usr/lib/gcc/arm-none-eabi/7.3.1/thumb/v7e-m/libgcc.a(_dvmd_tls.o)
                              /usr/lib/gcc/arm-none-eabi/7.3.1/thumb/v7e-m/libgcc.a(_aeabi_uldivmod.o) (__aeabi_ldiv0)
/usr/lib/gcc/arm-none-eabi/7.3.1/../../../arm-none-eabi/lib/thumb/v7e-m/libg_nano.a(lib_a-atexit.o)
                              /usr/lib/gcc/arm-none-eabi/7.3.1/../../../arm-none-eabi/lib/thumb/v7e-m/crt0.o (atexit)
/usr/lib/gcc/arm-none-eabi/7.3.1/../../../arm-none-eabi/lib/thumb/v7e-m/libg_nano.a(lib_a-errno.o)
                              CMakeFiles/sh1106UltimateLib.elf.dir/Src/syscalls.c.obj (__errno)
/usr/lib/gcc/arm-none-eabi/7.3.1/../../../arm-none-eabi/lib/thumb/v7e-m/libg_nano.a(lib_a-exit.o)
                              /usr/lib/gcc/arm-none-eabi/7.3.1/../../../arm-none-eabi/lib/thumb/v7e-m/crt0.o (exit)
/usr/lib/gcc/arm-none-eabi/7.3.1/../../../arm-none-eabi/lib/thumb/v7e-m/libg_nano.a(lib_a-fini.o)
                              /usr/lib/gcc/arm-none-eabi/7.3.1/../../../arm-none-eabi/lib/thumb/v7e-m/crt0.o (__libc_fini_array)
/usr/lib/gcc/arm-none-eabi/7.3.1/../../../arm-none-eabi/lib/thumb/v7e-m/libg_nano.a(lib_a-impure.o)
                              /usr/lib/gcc/arm-none-eabi/7.3.1/../../../arm-none-eabi/lib/thumb/v7e-m/libg_nano.a(lib_a-exit.o) (_global_impure_ptr)
/usr/lib/gcc/arm-none-eabi/7.3.1/../../../arm-none-eabi/lib/thumb/v7e-m/libg_nano.a(lib_a-init.o)
                              /usr/lib/gcc/arm-none-eabi/7.3.1/../../../arm-none-eabi/lib/thumb/v7e-m/crt0.o (__libc_init_array)
/usr/lib/gcc/arm-none-eabi/7.3.1/../../../arm-none-eabi/lib/thumb/v7e-m/libg_nano.a(lib_a-memset.o)
                              /usr/lib/gcc/arm-none-eabi/7.3.1/../../../arm-none-eabi/lib/thumb/v7e-m/crt0.o (memset)
/usr/lib/gcc/arm-none-eabi/7.3.1/../../../arm-none-eabi/lib/thumb/v7e-m/libg_nano.a(lib_a-__atexit.o)
                              /usr/lib/gcc/arm-none-eabi/7.3.1/../../../arm-none-eabi/lib/thumb/v7e-m/libg_nano.a(lib_a-atexit.o) (__register_exitproc)
/usr/lib/gcc/arm-none-eabi/7.3.1/../../../arm-none-eabi/lib/thumb/v7e-m/libg_nano.a(lib_a-__call_atexit.o)
                              /usr/lib/gcc/arm-none-eabi/7.3.1/../../../arm-none-eabi/lib/thumb/v7e-m/libg_nano.a(lib_a-__atexit.o) (__call_exitprocs)
/usr/lib/gcc/arm-none-eabi/7.3.1/../../../arm-none-eabi/lib/thumb/v7e-m/libm.a(lib_a-w_sqrt.o)
                              CMakeFiles/sh1106UltimateLib.elf.dir/Src/sh1106Ultimate.c.obj (sqrt)
/usr/lib/gcc/arm-none-eabi/7.3.1/../../../arm-none-eabi/lib/thumb/v7e-m/libm.a(lib_a-e_sqrt.o)
                              /usr/lib/gcc/arm-none-eabi/7.3.1/../../../arm-none-eabi/lib/thumb/v7e-m/libm.a(lib_a-w_sqrt.o) (__ieee754_sqrt)
/usr/lib/gcc/arm-none-eabi/7.3.1/../../../arm-none-eabi/lib/thumb/v7e-m/libm.a(lib_a-s_lib_ver.o)
                              /usr/lib/gcc/arm-none-eabi/7.3.1/../../../arm-none-eabi/lib/thumb/v7e-m/libm.a(lib_a-w_sqrt.o) (__fdlib_version)
/usr/lib/gcc/arm-none-eabi/7.3.1/../../../arm-none-eabi/lib/thumb/v7e-m/libm.a(lib_a-s_matherr.o)
                              /usr/lib/gcc/arm-none-eabi/7.3.1/../../../arm-none-eabi/lib/thumb/v7e-m/libm.a(lib_a-w_sqrt.o) (matherr)
/usr/lib/gcc/arm-none-eabi/7.3.1/thumb/v7e-m/libgcc.a(_arm_muldivdf3.o)
                              /usr/lib/gcc/arm-none-eabi/7.3.1/../../../arm-none-eabi/lib/thumb/v7e-m/libm.a(lib_a-e_sqrt.o) (__aeabi_dmul)
/usr/lib/gcc/arm-none-eabi/7.3.1/thumb/v7e-m/libgcc.a(_arm_cmpdf2.o)
                              /usr/lib/gcc/arm-none-eabi/7.3.1/../../../arm-none-eabi/lib/thumb/v7e-m/libm.a(lib_a-w_sqrt.o) (__aeabi_dcmplt)
/usr/lib/gcc/arm-none-eabi/7.3.1/thumb/v7e-m/libgcc.a(_arm_unorddf2.o)
                              /usr/lib/gcc/arm-none-eabi/7.3.1/../../../arm-none-eabi/lib/thumb/v7e-m/libm.a(lib_a-w_sqrt.o) (__aeabi_dcmpun)

Discarded input sections

 .text          0x0000000000000000        0x0 /usr/lib/gcc/arm-none-eabi/7.3.1/thumb/v7e-m/crti.o
 .data          0x0000000000000000        0x0 /usr/lib/gcc/arm-none-eabi/7.3.1/thumb/v7e-m/crti.o
 .bss           0x0000000000000000        0x0 /usr/lib/gcc/arm-none-eabi/7.3.1/thumb/v7e-m/crti.o
[...]
Memory Configuration

Name             Origin             Length             Attributes
RAM              0x0000000020000000 0x0000000000020000 xrw
FLASH            0x0000000008000000 0x0000000000080000 xr
*default*        0x0000000000000000 0xffffffffffffffff

Linker script and memory map

LOAD /usr/lib/gcc/arm-none-eabi/7.3.1/thumb/v7e-m/crti.o
LOAD /usr/lib/gcc/arm-none-eabi/7.3.1/thumb/v7e-m/crtbegin.o
LOAD /usr/lib/gcc/arm-none-eabi/7.3.1/../../../arm-none-eabi/lib/thumb/v7e-m/crt0.o
LOAD CMakeFiles/sh1106UltimateLib.elf.dir/Drivers/STM32F4xx_HAL_Driver/Src/stm32f4xx_hal.c.obj
LOAD CMakeFiles/sh1106UltimateLib.elf.dir/Drivers/STM32F4xx_HAL_Driver/Src/stm32f4xx_hal_cortex.c.obj
LOAD CMakeFiles/sh1106UltimateLib.elf.dir/Drivers/STM32F4xx_HAL_Driver/Src/stm32f4xx_hal_dma.c.obj
LOAD CMakeFiles/sh1106UltimateLib.elf.dir/Drivers/STM32F4xx_HAL_Driver/Src/stm32f4xx_hal_dma_ex.c.obj
LOAD CMakeFiles/sh1106UltimateLib.elf.dir/Drivers/STM32F4xx_HAL_Driver/Src/stm32f4xx_hal_exti.c.obj
LOAD CMakeFiles/sh1106UltimateLib.elf.dir/Drivers/STM32F4xx_HAL_Driver/Src/stm32f4xx_hal_flash.c.obj
LOAD CMakeFiles/sh1106UltimateLib.elf.dir/Drivers/STM32F4xx_HAL_Driver/Src/stm32f4xx_hal_flash_ex.c.obj
LOAD CMakeFiles/sh1106UltimateLib.elf.dir/Drivers/STM32F4xx_HAL_Driver/Src/stm32f4xx_hal_flash_ramfunc.c.obj
LOAD CMakeFiles/sh1106UltimateLib.elf.dir/Drivers/STM32F4xx_HAL_Driver/Src/stm32f4xx_hal_gpio.c.obj
LOAD CMakeFiles/sh1106UltimateLib.elf.dir/Drivers/STM32F4xx_HAL_Driver/Src/stm32f4xx_hal_i2c.c.obj
LOAD CMakeFiles/sh1106UltimateLib.elf.dir/Drivers/STM32F4xx_HAL_Driver/Src/stm32f4xx_hal_i2c_ex.c.obj
LOAD CMakeFiles/sh1106UltimateLib.elf.dir/Drivers/STM32F4xx_HAL_Driver/Src/stm32f4xx_hal_pwr.c.obj
LOAD CMakeFiles/sh1106UltimateLib.elf.dir/Drivers/STM32F4xx_HAL_Driver/Src/stm32f4xx_hal_pwr_ex.c.obj
LOAD CMakeFiles/sh1106UltimateLib.elf.dir/Drivers/STM32F4xx_HAL_Driver/Src/stm32f4xx_hal_rcc.c.obj
LOAD CMakeFiles/sh1106UltimateLib.elf.dir/Drivers/STM32F4xx_HAL_Driver/Src/stm32f4xx_hal_rcc_ex.c.obj
LOAD CMakeFiles/sh1106UltimateLib.elf.dir/Drivers/STM32F4xx_HAL_Driver/Src/stm32f4xx_hal_tim.c.obj
LOAD CMakeFiles/sh1106UltimateLib.elf.dir/Drivers/STM32F4xx_HAL_Driver/Src/stm32f4xx_hal_tim_ex.c.obj
LOAD CMakeFiles/sh1106UltimateLib.elf.dir/Src/gpio.c.obj
LOAD CMakeFiles/sh1106UltimateLib.elf.dir/Src/i2c.c.obj
LOAD CMakeFiles/sh1106UltimateLib.elf.dir/Src/main.c.obj
LOAD CMakeFiles/sh1106UltimateLib.elf.dir/Src/sh1106Ultimate.c.obj
LOAD CMakeFiles/sh1106UltimateLib.elf.dir/Src/stm32f4xx_hal_msp.c.obj
LOAD CMakeFiles/sh1106UltimateLib.elf.dir/Src/stm32f4xx_it.c.obj
LOAD CMakeFiles/sh1106UltimateLib.elf.dir/Src/sys.c.obj
LOAD CMakeFiles/sh1106UltimateLib.elf.dir/Src/syscalls.c.obj
LOAD CMakeFiles/sh1106UltimateLib.elf.dir/Src/system_stm32f4xx.c.obj
LOAD CMakeFiles/sh1106UltimateLib.elf.dir/startup/startup_stm32f411xe.s.obj
START GROUP
LOAD /usr/lib/gcc/arm-none-eabi/7.3.1/thumb/v7e-m/libgcc.a
LOAD /usr/lib/gcc/arm-none-eabi/7.3.1/../../../arm-none-eabi/lib/thumb/v7e-m/libg_nano.a
LOAD /usr/lib/gcc/arm-none-eabi/7.3.1/../../../arm-none-eabi/lib/thumb/v7e-m/libc_nano.a
END GROUP
START GROUP
LOAD /usr/lib/gcc/arm-none-eabi/7.3.1/thumb/v7e-m/libgcc.a
LOAD /usr/lib/gcc/arm-none-eabi/7.3.1/../../../arm-none-eabi/lib/thumb/v7e-m/libc_nano.a
LOAD /usr/lib/gcc/arm-none-eabi/7.3.1/../../../arm-none-eabi/lib/thumb/v7e-m/libnosys.a
END GROUP
START GROUP
LOAD /usr/lib/gcc/arm-none-eabi/7.3.1/thumb/v7e-m/libgcc.a
LOAD /usr/lib/gcc/arm-none-eabi/7.3.1/../../../arm-none-eabi/lib/thumb/v7e-m/libc_nano.a
LOAD /usr/lib/gcc/arm-none-eabi/7.3.1/../../../arm-none-eabi/lib/thumb/v7e-m/libnosys.a
END GROUP
LOAD /usr/lib/gcc/arm-none-eabi/7.3.1/thumb/v7e-m/crtend.o
LOAD /usr/lib/gcc/arm-none-eabi/7.3.1/thumb/v7e-m/crtn.o
                0x0000000020020000                _estack = 0x20020000
                0x0000000000000200                _Min_Heap_Size = 0x200
                0x0000000000000400                _Min_Stack_Size = 0x400

.isr_vector     0x0000000008000000      0x198
                0x0000000008000000                . = ALIGN (0x4)
 *(.isr_vector)
 .isr_vector    0x0000000008000000      0x198 CMakeFiles/sh1106UltimateLib.elf.dir/startup/startup_stm32f411xe.s.obj
                0x0000000008000000                g_pfnVectors
                0x0000000008000198                . = ALIGN (0x4)

.text           0x0000000008000198     0x3ac4
                0x0000000008000198                . = ALIGN (0x4)
 *(.text)
 .text          0x0000000008000198       0x88 /usr/lib/gcc/arm-none-eabi/7.3.1/thumb/v7e-m/crtbegin.o
 .text          0x0000000008000220      0x378 /usr/lib/gcc/arm-none-eabi/7.3.1/thumb/v7e-m/libgcc.a(_arm_addsubdf3.o)
                0x0000000008000220                __aeabi_drsub
                0x0000000008000228                __aeabi_dsub
                0x0000000008000228                __subdf3
                0x000000000800022c                __adddf3
                0x000000000800022c                __aeabi_dadd
                0x00000000080004a4                __aeabi_ui2d
                0x00000000080004a4                __floatunsidf
                0x00000000080004c4                __floatsidf
                0x00000000080004c4                __aeabi_i2d
                0x00000000080004e8                __extendsfdf2
                0x00000000080004e8                __aeabi_f2d
                0x000000000800052c                __aeabi_ul2d
                0x000000000800052c                __floatundidf
                0x000000000800053c                __floatdidf
                0x000000000800053c                __aeabi_l2d
 .text          0x0000000008000598       0x40 /usr/lib/gcc/arm-none-eabi/7.3.1/thumb/v7e-m/libgcc.a(_arm_fixunsdfsi.o)
                0x0000000008000598                __fixunsdfsi
                0x0000000008000598                __aeabi_d2uiz
 .text          0x00000000080005d8       0x30 /usr/lib/gcc/arm-none-eabi/7.3.1/thumb/v7e-m/libgcc.a(_aeabi_uldivmod.o)
                0x00000000080005d8                __aeabi_uldivmod
 .text          0x0000000008000608      0x2cc /usr/lib/gcc/arm-none-eabi/7.3.1/thumb/v7e-m/libgcc.a(_udivmoddi4.o)
                0x0000000008000608                __udivmoddi4
 .text          0x00000000080008d4        0x4 /usr/lib/gcc/arm-none-eabi/7.3.1/thumb/v7e-m/libgcc.a(_dvmd_tls.o)
                0x00000000080008d4                __aeabi_ldiv0
                0x00000000080008d4                __aeabi_idiv0
 .text          0x00000000080008d8       0x48 /usr/lib/gcc/arm-none-eabi/7.3.1/../../../arm-none-eabi/lib/thumb/v7e-m/libg_nano.a(lib_a-init.o)
                0x00000000080008d8                __libc_init_array
 .text          0x0000000008000920       0x94 /usr/lib/gcc/arm-none-eabi/7.3.1/../../../arm-none-eabi/lib/thumb/v7e-m/libg_nano.a(lib_a-memset.o)
                0x0000000008000920                memset
 *(.text*)
 .text.HAL_Init
                0x00000000080009b4       0x44 CMakeFiles/sh1106UltimateLib.elf.dir/Drivers/STM32F4xx_HAL_Driver/Src/stm32f4xx_hal.c.obj
                0x00000000080009b4                HAL_Init
 .text.HAL_InitTick
                0x00000000080009f8       0x60 CMakeFiles/sh1106UltimateLib.elf.dir/Drivers/STM32F4xx_HAL_Driver/Src/stm32f4xx_hal.c.obj
                0x00000000080009f8                HAL_InitTick
 .text.HAL_IncTick
                0x0000000008000a58       0x24 CMakeFiles/sh1106UltimateLib.elf.dir/Drivers/STM32F4xx_HAL_Driver/Src/stm32f4xx_hal.c.obj
                0x0000000008000a58                HAL_IncTick
 .text.HAL_GetTick
                0x0000000008000a7c       0x14 CMakeFiles/sh1106UltimateLib.elf.dir/Drivers/STM32F4xx_HAL_Driver/Src/stm32f4xx_hal.c.obj
                0x0000000008000a7c                HAL_GetTick
 .text.HAL_Delay
                0x0000000008000a90       0x44 CMakeFiles/sh1106UltimateLib.elf.dir/Drivers/STM32F4xx_HAL_Driver/Src/stm32f4xx_hal.c.obj
                0x0000000008000a90                HAL_Delay
 .text.__NVIC_SetPriorityGrouping
                0x0000000008000ad4       0x48 CMakeFiles/sh1106UltimateLib.elf.dir/Drivers/STM32F4xx_HAL_Driver/Src/stm32f4xx_hal_cortex.c.obj
 .text.__NVIC_GetPriorityGrouping
                0x0000000008000b1c       0x1c CMakeFiles/sh1106UltimateLib.elf.dir/Drivers/STM32F4xx_HAL_Driver/Src/stm32f4xx_hal_cortex.c.obj
 .text.__NVIC_SetPriority
                0x0000000008000b38       0x54 CMakeFiles/sh1106UltimateLib.elf.dir/Drivers/STM32F4xx_HAL_Driver/Src/stm32f4xx_hal_cortex.c.obj
 .text.NVIC_EncodePriority
                0x0000000008000b8c       0x64 CMakeFiles/sh1106UltimateLib.elf.dir/Drivers/STM32F4xx_HAL_Driver/Src/stm32f4xx_hal_cortex.c.obj
 .text.SysTick_Config
                0x0000000008000bf0       0x44 CMakeFiles/sh1106UltimateLib.elf.dir/Drivers/STM32F4xx_HAL_Driver/Src/stm32f4xx_hal_cortex.c.obj
 .text.HAL_NVIC_SetPriorityGrouping
                0x0000000008000c34       0x16 CMakeFiles/sh1106UltimateLib.elf.dir/Drivers/STM32F4xx_HAL_Driver/Src/stm32f4xx_hal_cortex.c.obj
                0x0000000008000c34                HAL_NVIC_SetPriorityGrouping
 .text.HAL_NVIC_SetPriority
                0x0000000008000c4a       0x38 CMakeFiles/sh1106UltimateLib.elf.dir/Drivers/STM32F4xx_HAL_Driver/Src/stm32f4xx_hal_cortex.c.obj
                0x0000000008000c4a                HAL_NVIC_SetPriority
 .text.HAL_SYSTICK_Config
                0x0000000008000c82       0x18 CMakeFiles/sh1106UltimateLib.elf.dir/Drivers/STM32F4xx_HAL_Driver/Src/stm32f4xx_hal_cortex.c.obj
                0x0000000008000c82                HAL_SYSTICK_Config
 *fill*         0x0000000008000c9a        0x2 
 .text.HAL_GPIO_Init
                0x0000000008000c9c      0x304 CMakeFiles/sh1106UltimateLib.elf.dir/Drivers/STM32F4xx_HAL_Driver/Src/stm32f4xx_hal_gpio.c.obj
                0x0000000008000c9c                HAL_GPIO_Init
 .text.HAL_GPIO_WritePin
                0x0000000008000fa0       0x30 CMakeFiles/sh1106UltimateLib.elf.dir/Drivers/STM32F4xx_HAL_Driver/Src/stm32f4xx_hal_gpio.c.obj
                0x0000000008000fa0                HAL_GPIO_WritePin
 .text.HAL_I2C_Init
                0x0000000008000fd0      0x270 CMakeFiles/sh1106UltimateLib.elf.dir/Drivers/STM32F4xx_HAL_Driver/Src/stm32f4xx_hal_i2c.c.obj
                0x0000000008000fd0                HAL_I2C_Init
 .text.HAL_I2C_Master_Transmit
                0x0000000008001240      0x1fc CMakeFiles/sh1106UltimateLib.elf.dir/Drivers/STM32F4xx_HAL_Driver/Src/stm32f4xx_hal_i2c.c.obj
                0x0000000008001240                HAL_I2C_Master_Transmit
 .text.HAL_I2C_Mem_Write
                0x000000000800143c      0x1f4 CMakeFiles/sh1106UltimateLib.elf.dir/Drivers/STM32F4xx_HAL_Driver/Src/stm32f4xx_hal_i2c.c.obj
                0x000000000800143c                HAL_I2C_Mem_Write
 .text.I2C_MasterRequestWrite
                0x0000000008001630      0x104 CMakeFiles/sh1106UltimateLib.elf.dir/Drivers/STM32F4xx_HAL_Driver/Src/stm32f4xx_hal_i2c.c.obj
 .text.I2C_RequestMemoryWrite
                0x0000000008001734      0x128 CMakeFiles/sh1106UltimateLib.elf.dir/Drivers/STM32F4xx_HAL_Driver/Src/stm32f4xx_hal_i2c.c.obj
 .text.I2C_WaitOnFlagUntilTimeout
                0x000000000800185c       0xae CMakeFiles/sh1106UltimateLib.elf.dir/Drivers/STM32F4xx_HAL_Driver/Src/stm32f4xx_hal_i2c.c.obj
 .text.I2C_WaitOnMasterAddressFlagUntilTimeout
                0x000000000800190a       0xfe CMakeFiles/sh1106UltimateLib.elf.dir/Drivers/STM32F4xx_HAL_Driver/Src/stm32f4xx_hal_i2c.c.obj
 .text.I2C_WaitOnTXEFlagUntilTimeout
                0x0000000008001a08       0x82 CMakeFiles/sh1106UltimateLib.elf.dir/Drivers/STM32F4xx_HAL_Driver/Src/stm32f4xx_hal_i2c.c.obj
 .text.I2C_WaitOnBTFFlagUntilTimeout
                0x0000000008001a8a       0x82 CMakeFiles/sh1106UltimateLib.elf.dir/Drivers/STM32F4xx_HAL_Driver/Src/stm32f4xx_hal_i2c.c.obj
 .text.I2C_IsAcknowledgeFailed
                0x0000000008001b0c       0x5c CMakeFiles/sh1106UltimateLib.elf.dir/Drivers/STM32F4xx_HAL_Driver/Src/stm32f4xx_hal_i2c.c.obj
 .text.HAL_RCC_OscConfig
                0x0000000008001b68      0x4e0 CMakeFiles/sh1106UltimateLib.elf.dir/Drivers/STM32F4xx_HAL_Driver/Src/stm32f4xx_hal_rcc.c.obj
                0x0000000008001b68                HAL_RCC_OscConfig
 .text.HAL_RCC_ClockConfig
                0x0000000008002048      0x1cc CMakeFiles/sh1106UltimateLib.elf.dir/Drivers/STM32F4xx_HAL_Driver/Src/stm32f4xx_hal_rcc.c.obj
                0x0000000008002048                HAL_RCC_ClockConfig
 .text.HAL_RCC_GetSysClockFreq
                0x0000000008002214      0x1b0 CMakeFiles/sh1106UltimateLib.elf.dir/Drivers/STM32F4xx_HAL_Driver/Src/stm32f4xx_hal_rcc.c.obj
                0x0000000008002214                HAL_RCC_GetSysClockFreq
 .text.HAL_RCC_GetHCLKFreq
                0x00000000080023c4       0x14 CMakeFiles/sh1106UltimateLib.elf.dir/Drivers/STM32F4xx_HAL_Driver/Src/stm32f4xx_hal_rcc.c.obj
                0x00000000080023c4                HAL_RCC_GetHCLKFreq
 .text.HAL_RCC_GetPCLK1Freq
                0x00000000080023d8       0x28 CMakeFiles/sh1106UltimateLib.elf.dir/Drivers/STM32F4xx_HAL_Driver/Src/stm32f4xx_hal_rcc.c.obj
                0x00000000080023d8                HAL_RCC_GetPCLK1Freq
 .text.MX_GPIO_Init
                0x0000000008002400      0x198 CMakeFiles/sh1106UltimateLib.elf.dir/Src/gpio.c.obj
                0x0000000008002400                MX_GPIO_Init
 .text.MX_I2C3_Init
                0x0000000008002598       0x5c CMakeFiles/sh1106UltimateLib.elf.dir/Src/i2c.c.obj
                0x0000000008002598                MX_I2C3_Init
 .text.HAL_I2C_MspInit
                0x00000000080025f4       0xd4 CMakeFiles/sh1106UltimateLib.elf.dir/Src/i2c.c.obj
                0x00000000080025f4                HAL_I2C_MspInit
 .text.main     0x00000000080026c8      0x2a0 CMakeFiles/sh1106UltimateLib.elf.dir/Src/main.c.obj
                0x00000000080026c8                main
 .text.SystemClock_Config
                0x0000000008002968       0xd0 CMakeFiles/sh1106UltimateLib.elf.dir/Src/main.c.obj
                0x0000000008002968                SystemClock_Config
 .text.Error_Handler
                0x0000000008002a38        0xc CMakeFiles/sh1106UltimateLib.elf.dir/Src/main.c.obj
                0x0000000008002a38                Error_Handler
 .text.shu_WriteCommand
                0x0000000008002a44       0x3c CMakeFiles/sh1106UltimateLib.elf.dir/Src/sh1106Ultimate.c.obj
                0x0000000008002a44                shu_WriteCommand
 .text.min      0x0000000008002a80       0x26 CMakeFiles/sh1106UltimateLib.elf.dir/Src/sh1106Ultimate.c.obj
                0x0000000008002a80                min
 .text.max      0x0000000008002aa6       0x26 CMakeFiles/sh1106UltimateLib.elf.dir/Src/sh1106Ultimate.c.obj
                0x0000000008002aa6                max
 .text.shu_DrawHorizontalLine
                0x0000000008002acc       0x70 CMakeFiles/sh1106UltimateLib.elf.dir/Src/sh1106Ultimate.c.obj
                0x0000000008002acc                shu_DrawHorizontalLine
 .text.shu_DrawVerticalLine
                0x0000000008002b3c       0x6c CMakeFiles/sh1106UltimateLib.elf.dir/Src/sh1106Ultimate.c.obj
                0x0000000008002b3c                shu_DrawVerticalLine
 .text.shu_DrawDiagonalLine
                0x0000000008002ba8      0x664 CMakeFiles/sh1106UltimateLib.elf.dir/Src/sh1106Ultimate.c.obj
                0x0000000008002ba8                shu_DrawDiagonalLine
 .text.shu_InitDisplay
                0x000000000800320c       0xb4 CMakeFiles/sh1106UltimateLib.elf.dir/Src/sh1106Ultimate.c.obj
                0x000000000800320c                shu_InitDisplay
 .text.shu_ChooseFont
                0x00000000080032c0       0x98 CMakeFiles/sh1106UltimateLib.elf.dir/Src/sh1106Ultimate.c.obj
                0x00000000080032c0                shu_ChooseFont
 .text.shu_UpdateDisplay
                0x0000000008003358       0x68 CMakeFiles/sh1106UltimateLib.elf.dir/Src/sh1106Ultimate.c.obj
                0x0000000008003358                shu_UpdateDisplay
 .text.shu_DrawPixel
                0x00000000080033c0       0xc0 CMakeFiles/sh1106UltimateLib.elf.dir/Src/sh1106Ultimate.c.obj
                0x00000000080033c0                shu_DrawPixel
 .text.shu_FillDisplay
                0x0000000008003480       0x44 CMakeFiles/sh1106UltimateLib.elf.dir/Src/sh1106Ultimate.c.obj
                0x0000000008003480                shu_FillDisplay
 .text.shu_ClearDisplay
                0x00000000080034c4        0xe CMakeFiles/sh1106UltimateLib.elf.dir/Src/sh1106Ultimate.c.obj
                0x00000000080034c4                shu_ClearDisplay
 *fill*         0x00000000080034d2        0x2 
 .text.shu_DrawChar
                0x00000000080034d4      0x2d4 CMakeFiles/sh1106UltimateLib.elf.dir/Src/sh1106Ultimate.c.obj
                0x00000000080034d4                shu_DrawChar
 .text.shu_DrawString
                0x00000000080037a8       0x32 CMakeFiles/sh1106UltimateLib.elf.dir/Src/sh1106Ultimate.c.obj
                0x00000000080037a8                shu_DrawString
 *fill*         0x00000000080037da        0x2 
 .text.shu_DrawBitmap
                0x00000000080037dc       0xa4 CMakeFiles/sh1106UltimateLib.elf.dir/Src/sh1106Ultimate.c.obj
                0x00000000080037dc                shu_DrawBitmap
 .text.shu_DrawLine
                0x0000000008003880      0x118 CMakeFiles/sh1106UltimateLib.elf.dir/Src/sh1106Ultimate.c.obj
                0x0000000008003880                shu_DrawLine
 .text.shu_DrawRectangle
                0x0000000008003998       0xcc CMakeFiles/sh1106UltimateLib.elf.dir/Src/sh1106Ultimate.c.obj
                0x0000000008003998                shu_DrawRectangle
 .text.shu_FillArea
                0x0000000008003a64       0xa4 CMakeFiles/sh1106UltimateLib.elf.dir/Src/sh1106Ultimate.c.obj
                0x0000000008003a64                shu_FillArea
 .text.shu_GotoXY
                0x0000000008003b08       0x30 CMakeFiles/sh1106UltimateLib.elf.dir/Src/sh1106Ultimate.c.obj
                0x0000000008003b08                shu_GotoXY
 .text.HAL_MspInit
                0x0000000008003b38       0x4c CMakeFiles/sh1106UltimateLib.elf.dir/Src/stm32f4xx_hal_msp.c.obj
                0x0000000008003b38                HAL_MspInit
 .text.NMI_Handler
                0x0000000008003b84        0xc CMakeFiles/sh1106UltimateLib.elf.dir/Src/stm32f4xx_it.c.obj
                0x0000000008003b84                NMI_Handler
 .text.HardFault_Handler
                0x0000000008003b90        0x6 CMakeFiles/sh1106UltimateLib.elf.dir/Src/stm32f4xx_it.c.obj
                0x0000000008003b90                HardFault_Handler
 .text.MemManage_Handler
                0x0000000008003b96        0x6 CMakeFiles/sh1106UltimateLib.elf.dir/Src/stm32f4xx_it.c.obj
                0x0000000008003b96                MemManage_Handler
 .text.BusFault_Handler
                0x0000000008003b9c        0x6 CMakeFiles/sh1106UltimateLib.elf.dir/Src/stm32f4xx_it.c.obj
                0x0000000008003b9c                BusFault_Handler
 .text.UsageFault_Handler
                0x0000000008003ba2        0x6 CMakeFiles/sh1106UltimateLib.elf.dir/Src/stm32f4xx_it.c.obj
                0x0000000008003ba2                UsageFault_Handler
 .text.SVC_Handler
                0x0000000008003ba8        0xc CMakeFiles/sh1106UltimateLib.elf.dir/Src/stm32f4xx_it.c.obj
                0x0000000008003ba8                SVC_Handler
 .text.DebugMon_Handler
                0x0000000008003bb4        0xc CMakeFiles/sh1106UltimateLib.elf.dir/Src/stm32f4xx_it.c.obj
                0x0000000008003bb4                DebugMon_Handler
 .text.PendSV_Handler
                0x0000000008003bc0        0xc CMakeFiles/sh1106UltimateLib.elf.dir/Src/stm32f4xx_it.c.obj
                0x0000000008003bc0                PendSV_Handler
 .text.SysTick_Handler
                0x0000000008003bcc        0xc CMakeFiles/sh1106UltimateLib.elf.dir/Src/stm32f4xx_it.c.obj
                0x0000000008003bcc                SysTick_Handler
 .text.SystemInit
                0x0000000008003bd8       0x18 CMakeFiles/sh1106UltimateLib.elf.dir/Src/system_stm32f4xx.c.obj
                0x0000000008003bd8                SystemInit
 .text.Reset_Handler
                0x0000000008003bf0       0x50 CMakeFiles/sh1106UltimateLib.elf.dir/startup/startup_stm32f411xe.s.obj
                0x0000000008003bf0                Reset_Handler
 .text.Default_Handler
                0x0000000008003c40        0x2 CMakeFiles/sh1106UltimateLib.elf.dir/startup/startup_stm32f411xe.s.obj
                0x0000000008003c40                RTC_Alarm_IRQHandler
                0x0000000008003c40                EXTI2_IRQHandler
                0x0000000008003c40                SPI4_IRQHandler
                0x0000000008003c40                TIM1_CC_IRQHandler
                0x0000000008003c40                DMA2_Stream5_IRQHandler
                0x0000000008003c40                DMA1_Stream5_IRQHandler
                0x0000000008003c40                PVD_IRQHandler
                0x0000000008003c40                SDIO_IRQHandler
                0x0000000008003c40                TAMP_STAMP_IRQHandler
                0x0000000008003c40                EXTI3_IRQHandler
                0x0000000008003c40                TIM1_UP_TIM10_IRQHandler
                0x0000000008003c40                I2C3_ER_IRQHandler
                0x0000000008003c40                EXTI0_IRQHandler
                0x0000000008003c40                I2C2_EV_IRQHandler
                0x0000000008003c40                DMA1_Stream2_IRQHandler
                0x0000000008003c40                FPU_IRQHandler
                0x0000000008003c40                DMA2_Stream2_IRQHandler
                0x0000000008003c40                SPI1_IRQHandler
                0x0000000008003c40                TIM1_BRK_TIM9_IRQHandler
                0x0000000008003c40                DMA2_Stream3_IRQHandler
                0x0000000008003c40                USART6_IRQHandler
                0x0000000008003c40                DMA2_Stream0_IRQHandler
                0x0000000008003c40                TIM4_IRQHandler
                0x0000000008003c40                I2C1_EV_IRQHandler
                0x0000000008003c40                DMA1_Stream6_IRQHandler
                0x0000000008003c40                DMA1_Stream1_IRQHandler
                0x0000000008003c40                TIM3_IRQHandler
                0x0000000008003c40                RCC_IRQHandler
                0x0000000008003c40                Default_Handler
                0x0000000008003c40                EXTI15_10_IRQHandler
                0x0000000008003c40                ADC_IRQHandler
                0x0000000008003c40                DMA1_Stream7_IRQHandler
                0x0000000008003c40                SPI5_IRQHandler
                0x0000000008003c40                TIM5_IRQHandler
                0x0000000008003c40                DMA2_Stream7_IRQHandler
                0x0000000008003c40                I2C3_EV_IRQHandler
                0x0000000008003c40                EXTI9_5_IRQHandler
                0x0000000008003c40                RTC_WKUP_IRQHandler
                0x0000000008003c40                SPI2_IRQHandler
                0x0000000008003c40                DMA1_Stream0_IRQHandler
                0x0000000008003c40                EXTI4_IRQHandler
                0x0000000008003c40                WWDG_IRQHandler
                0x0000000008003c40                TIM2_IRQHandler
                0x0000000008003c40                OTG_FS_WKUP_IRQHandler
                0x0000000008003c40                TIM1_TRG_COM_TIM11_IRQHandler
                0x0000000008003c40                EXTI1_IRQHandler
                0x0000000008003c40                USART2_IRQHandler
                0x0000000008003c40                I2C2_ER_IRQHandler
                0x0000000008003c40                DMA2_Stream1_IRQHandler
                0x0000000008003c40                FLASH_IRQHandler
                0x0000000008003c40                DMA2_Stream4_IRQHandler
                0x0000000008003c40                USART1_IRQHandler
                0x0000000008003c40                OTG_FS_IRQHandler
                0x0000000008003c40                SPI3_IRQHandler
                0x0000000008003c40                DMA1_Stream4_IRQHandler
                0x0000000008003c40                I2C1_ER_IRQHandler
                0x0000000008003c40                DMA2_Stream6_IRQHandler
                0x0000000008003c40                DMA1_Stream3_IRQHandler
 *(.glue_7)
 .glue_7        0x0000000008003c42        0x0 linker stubs
 *(.glue_7t)
 .glue_7t       0x0000000008003c42        0x0 linker stubs
 *(.eh_frame)
 *fill*         0x0000000008003c42        0x2 
 .eh_frame      0x0000000008003c44        0x0 /usr/lib/gcc/arm-none-eabi/7.3.1/thumb/v7e-m/crtbegin.o
 *(.init)
 .init          0x0000000008003c44        0x4 /usr/lib/gcc/arm-none-eabi/7.3.1/thumb/v7e-m/crti.o
                0x0000000008003c44                _init
 .init          0x0000000008003c48        0x8 /usr/lib/gcc/arm-none-eabi/7.3.1/thumb/v7e-m/crtn.o
 *(.fini)
 .fini          0x0000000008003c50        0x4 /usr/lib/gcc/arm-none-eabi/7.3.1/thumb/v7e-m/crti.o
                0x0000000008003c50                _fini
 .fini          0x0000000008003c54        0x8 /usr/lib/gcc/arm-none-eabi/7.3.1/thumb/v7e-m/crtn.o
                0x0000000008003c5c                . = ALIGN (0x4)
                0x0000000008003c5c                _etext = .

.vfp11_veneer   0x0000000008003c5c        0x0
 .vfp11_veneer  0x0000000008003c5c        0x0 linker stubs

.v4_bx          0x0000000008003c5c        0x0
 .v4_bx         0x0000000008003c5c        0x0 linker stubs

.iplt           0x0000000008003c5c        0x0
 .iplt          0x0000000008003c5c        0x0 /usr/lib/gcc/arm-none-eabi/7.3.1/thumb/v7e-m/crtbegin.o

.rodata         0x0000000008003c5c       0x90
                0x0000000008003c5c                . = ALIGN (0x4)
 *(.rodata)
 .rodata        0x0000000008003c5c       0x78 CMakeFiles/sh1106UltimateLib.elf.dir/Src/main.c.obj
 *(.rodata*)
 .rodata.AHBPrescTable
                0x0000000008003cd4       0x10 CMakeFiles/sh1106UltimateLib.elf.dir/Src/system_stm32f4xx.c.obj
                0x0000000008003cd4                AHBPrescTable
 .rodata.APBPrescTable
                0x0000000008003ce4        0x8 CMakeFiles/sh1106UltimateLib.elf.dir/Src/system_stm32f4xx.c.obj
                0x0000000008003ce4                APBPrescTable
                0x0000000008003cec                . = ALIGN (0x4)

.ARM.extab
 *(.ARM.extab* .gnu.linkonce.armextab.*)

.ARM            0x0000000008003cec        0x8
                0x0000000008003cec                __exidx_start = .
 *(.ARM.exidx*)
 .ARM.exidx     0x0000000008003cec        0x8 /usr/lib/gcc/arm-none-eabi/7.3.1/thumb/v7e-m/libgcc.a(_udivmoddi4.o)
                0x0000000008003cf4                __exidx_end = .

.rel.dyn        0x0000000008003cf4        0x0
 .rel.iplt      0x0000000008003cf4        0x0 /usr/lib/gcc/arm-none-eabi/7.3.1/thumb/v7e-m/crtbegin.o

.preinit_array  0x0000000008003cf4        0x0
                0x0000000008003cf4                PROVIDE (__preinit_array_start = .)
 *(.preinit_array*)
                0x0000000008003cf4                PROVIDE (__preinit_array_end = .)

.init_array     0x0000000008003cf4        0x4
                0x0000000008003cf4                PROVIDE (__init_array_start = .)
 *(SORT_BY_NAME(.init_array.*))
 *(.init_array*)
 .init_array    0x0000000008003cf4        0x4 /usr/lib/gcc/arm-none-eabi/7.3.1/thumb/v7e-m/crtbegin.o
                0x0000000008003cf8                PROVIDE (__init_array_end = .)

.fini_array     0x0000000008003cf8        0x4
                0x0000000008003cf8                PROVIDE (__fini_array_start = .)
 *(SORT_BY_NAME(.fini_array.*))
 *(.fini_array*)
 .fini_array    0x0000000008003cf8        0x4 /usr/lib/gcc/arm-none-eabi/7.3.1/thumb/v7e-m/crtbegin.o
                0x0000000008003cfc                PROVIDE (__fini_array_end = .)
                0x0000000008003cfc                _sidata = LOADADDR (.data)

.data           0x0000000020000000     0x2e14 load address 0x0000000008003cfc
                0x0000000020000000                . = ALIGN (0x4)
                0x0000000020000000                _sdata = .
 *(.data)
 *(.data*)
 .data.uwTickPrio
                0x0000000020000000        0x4 CMakeFiles/sh1106UltimateLib.elf.dir/Drivers/STM32F4xx_HAL_Driver/Src/stm32f4xx_hal.c.obj
                0x0000000020000000                uwTickPrio
 .data.uwTickFreq
                0x0000000020000004        0x1 CMakeFiles/sh1106UltimateLib.elf.dir/Drivers/STM32F4xx_HAL_Driver/Src/stm32f4xx_hal.c.obj
                0x0000000020000004                uwTickFreq
 *fill*         0x0000000020000005        0x3 
 .data.Font4x6  0x0000000020000008      0x800 CMakeFiles/sh1106UltimateLib.elf.dir/Src/sh1106Ultimate.c.obj
                0x0000000020000008                Font4x6
 .data.Font5x7  0x0000000020000808      0xa00 CMakeFiles/sh1106UltimateLib.elf.dir/Src/sh1106Ultimate.c.obj
                0x0000000020000808                Font5x7
 .data.Font6x8  0x0000000020001208      0xc00 CMakeFiles/sh1106UltimateLib.elf.dir/Src/sh1106Ultimate.c.obj
                0x0000000020001208                Font6x8
 .data.Font8x8  0x0000000020001e08     0x1000 CMakeFiles/sh1106UltimateLib.elf.dir/Src/sh1106Ultimate.c.obj
                0x0000000020001e08                Font8x8
 .data.CurrentFont
                0x0000000020002e08        0x4 CMakeFiles/sh1106UltimateLib.elf.dir/Src/sh1106Ultimate.c.obj
                0x0000000020002e08                CurrentFont
 .data.CurrentFontWidth
                0x0000000020002e0c        0x2 CMakeFiles/sh1106UltimateLib.elf.dir/Src/sh1106Ultimate.c.obj
                0x0000000020002e0c                CurrentFontWidth
 .data.CurrentFontHeight
                0x0000000020002e0e        0x2 CMakeFiles/sh1106UltimateLib.elf.dir/Src/sh1106Ultimate.c.obj
                0x0000000020002e0e                CurrentFontHeight
 .data.SystemCoreClock
                0x0000000020002e10        0x4 CMakeFiles/sh1106UltimateLib.elf.dir/Src/system_stm32f4xx.c.obj
                0x0000000020002e10                SystemCoreClock
                0x0000000020002e14                . = ALIGN (0x4)
                0x0000000020002e14                _edata = .

.tm_clone_table
                0x0000000020002e14        0x0 load address 0x0000000008006b10
 .tm_clone_table
                0x0000000020002e14        0x0 /usr/lib/gcc/arm-none-eabi/7.3.1/thumb/v7e-m/crtbegin.o
 .tm_clone_table
                0x0000000020002e14        0x0 /usr/lib/gcc/arm-none-eabi/7.3.1/thumb/v7e-m/crtend.o

.igot.plt       0x0000000020002e14        0x0 load address 0x0000000008006b10
 .igot.plt      0x0000000020002e14        0x0 /usr/lib/gcc/arm-none-eabi/7.3.1/thumb/v7e-m/crtbegin.o
                0x0000000020002e14                . = ALIGN (0x4)

.bss            0x0000000020002e14      0x4a0 load address 0x0000000008006b10
                0x0000000020002e14                _sbss = .
                0x0000000020002e14                __bss_start__ = _sbss
 *(.bss)
 .bss           0x0000000020002e14       0x1c /usr/lib/gcc/arm-none-eabi/7.3.1/thumb/v7e-m/crtbegin.o
 *(.bss*)
 .bss.uwTick    0x0000000020002e30        0x4 CMakeFiles/sh1106UltimateLib.elf.dir/Drivers/STM32F4xx_HAL_Driver/Src/stm32f4xx_hal.c.obj
                0x0000000020002e30                uwTick
 .bss.hi2c3     0x0000000020002e34       0x54 CMakeFiles/sh1106UltimateLib.elf.dir/Src/i2c.c.obj
                0x0000000020002e34                hi2c3
 .bss.display   0x0000000020002e88        0xc CMakeFiles/sh1106UltimateLib.elf.dir/Src/sh1106Ultimate.c.obj
                0x0000000020002e88                display
 .bss.DisplayBuffer
                0x0000000020002e94      0x420 CMakeFiles/sh1106UltimateLib.elf.dir/Src/sh1106Ultimate.c.obj
                0x0000000020002e94                DisplayBuffer
 *(COMMON)
                0x00000000200032b4                . = ALIGN (0x4)
                0x00000000200032b4                _ebss = .
                0x00000000200032b4                __bss_end__ = _ebss

._user_heap_stack
                0x00000000200032b4      0x604 load address 0x0000000008006b10
                0x00000000200032b8                . = ALIGN (0x8)
 *fill*         0x00000000200032b4        0x4 
                0x00000000200032b8                PROVIDE (end = .)
                [!provide]                        PROVIDE (_end = .)
                0x00000000200034b8                . = (. + _Min_Heap_Size)
 *fill*         0x00000000200032b8      0x200 
                0x00000000200038b8                . = (. + _Min_Stack_Size)
 *fill*         0x00000000200034b8      0x400 
                0x00000000200038b8                . = ALIGN (0x8)

/DISCARD/
 libc.a(*)
 libm.a(*)
 libgcc.a(*)

.ARM.attributes
                0x0000000000000000       0x2a
 *(.ARM.attributes)
 .ARM.attributes
                0x0000000000000000       0x1e /usr/lib/gcc/arm-none-eabi/7.3.1/thumb/v7e-m/crti.o
 .ARM.attributes
                0x000000000000001e       0x2e /usr/lib/gcc/arm-none-eabi/7.3.1/thumb/v7e-m/crtbegin.o
 .ARM.attributes
                0x000000000000004c       0x33 CMakeFiles/sh1106UltimateLib.elf.dir/Drivers/STM32F4xx_HAL_Driver/Src/stm32f4xx_hal.c.obj
 .ARM.attributes
                0x000000000000007f       0x33 CMakeFiles/sh1106UltimateLib.elf.dir/Drivers/STM32F4xx_HAL_Driver/Src/stm32f4xx_hal_cortex.c.obj
 .ARM.attributes
                0x00000000000000b2       0x33 CMakeFiles/sh1106UltimateLib.elf.dir/Drivers/STM32F4xx_HAL_Driver/Src/stm32f4xx_hal_gpio.c.obj
 .ARM.attributes
                0x00000000000000e5       0x33 CMakeFiles/sh1106UltimateLib.elf.dir/Drivers/STM32F4xx_HAL_Driver/Src/stm32f4xx_hal_i2c.c.obj
 .ARM.attributes
                0x0000000000000118       0x33 CMakeFiles/sh1106UltimateLib.elf.dir/Drivers/STM32F4xx_HAL_Driver/Src/stm32f4xx_hal_rcc.c.obj
 .ARM.attributes
                0x000000000000014b       0x33 CMakeFiles/sh1106UltimateLib.elf.dir/Src/gpio.c.obj
 .ARM.attributes
                0x000000000000017e       0x33 CMakeFiles/sh1106UltimateLib.elf.dir/Src/i2c.c.obj
 .ARM.attributes
                0x00000000000001b1       0x33 CMakeFiles/sh1106UltimateLib.elf.dir/Src/main.c.obj
 .ARM.attributes
                0x00000000000001e4       0x33 CMakeFiles/sh1106UltimateLib.elf.dir/Src/sh1106Ultimate.c.obj
 .ARM.attributes
                0x0000000000000217       0x33 CMakeFiles/sh1106UltimateLib.elf.dir/Src/stm32f4xx_hal_msp.c.obj
 .ARM.attributes
                0x000000000000024a       0x33 CMakeFiles/sh1106UltimateLib.elf.dir/Src/stm32f4xx_it.c.obj
 .ARM.attributes
                0x000000000000027d       0x33 CMakeFiles/sh1106UltimateLib.elf.dir/Src/system_stm32f4xx.c.obj
 .ARM.attributes
                0x00000000000002b0       0x21 CMakeFiles/sh1106UltimateLib.elf.dir/startup/startup_stm32f411xe.s.obj
 .ARM.attributes
                0x00000000000002d1       0x1e /usr/lib/gcc/arm-none-eabi/7.3.1/thumb/v7e-m/libgcc.a(_arm_addsubdf3.o)
 .ARM.attributes
                0x00000000000002ef       0x1e /usr/lib/gcc/arm-none-eabi/7.3.1/thumb/v7e-m/libgcc.a(_arm_fixunsdfsi.o)
 .ARM.attributes
                0x000000000000030d       0x1e /usr/lib/gcc/arm-none-eabi/7.3.1/thumb/v7e-m/libgcc.a(_aeabi_uldivmod.o)
 .ARM.attributes
                0x000000000000032b       0x2e /usr/lib/gcc/arm-none-eabi/7.3.1/thumb/v7e-m/libgcc.a(_udivmoddi4.o)
 .ARM.attributes
                0x0000000000000359       0x1e /usr/lib/gcc/arm-none-eabi/7.3.1/thumb/v7e-m/libgcc.a(_dvmd_tls.o)
 .ARM.attributes
                0x0000000000000377       0x2e /usr/lib/gcc/arm-none-eabi/7.3.1/../../../arm-none-eabi/lib/thumb/v7e-m/libg_nano.a(lib_a-init.o)
 .ARM.attributes
                0x00000000000003a5       0x2e /usr/lib/gcc/arm-none-eabi/7.3.1/../../../arm-none-eabi/lib/thumb/v7e-m/libg_nano.a(lib_a-memset.o)
 .ARM.attributes
                0x00000000000003d3       0x2e /usr/lib/gcc/arm-none-eabi/7.3.1/thumb/v7e-m/crtend.o
 .ARM.attributes
                0x0000000000000401       0x1e /usr/lib/gcc/arm-none-eabi/7.3.1/thumb/v7e-m/crtn.o
OUTPUT(sh1106UltimateLib.elf elf32-littlearm)

.comment        0x0000000000000000       0xae
 .comment       0x0000000000000000       0x57 /usr/lib/gcc/arm-none-eabi/7.3.1/thumb/v7e-m/crtbegin.o
                                         0x58 (size before relaxing)
 .comment       0x0000000000000057       0x58 CMakeFiles/sh1106UltimateLib.elf.dir/Drivers/STM32F4xx_HAL_Driver/Src/stm32f4xx_hal.c.obj
 .comment       0x0000000000000057       0x58 CMakeFiles/sh1106UltimateLib.elf.dir/Drivers/STM32F4xx_HAL_Driver/Src/stm32f4xx_hal_cortex.c.obj
 .comment       0x0000000000000057       0x58 CMakeFiles/sh1106UltimateLib.elf.dir/Drivers/STM32F4xx_HAL_Driver/Src/stm32f4xx_hal_gpio.c.obj
 .comment       0x0000000000000057       0x58 CMakeFiles/sh1106UltimateLib.elf.dir/Drivers/STM32F4xx_HAL_Driver/Src/stm32f4xx_hal_i2c.c.obj
 .comment       0x0000000000000057       0x58 CMakeFiles/sh1106UltimateLib.elf.dir/Drivers/STM32F4xx_HAL_Driver/Src/stm32f4xx_hal_rcc.c.obj
 .comment       0x0000000000000057       0x58 CMakeFiles/sh1106UltimateLib.elf.dir/Src/gpio.c.obj
 .comment       0x0000000000000057       0x58 CMakeFiles/sh1106UltimateLib.elf.dir/Src/i2c.c.obj
 .comment       0x0000000000000057       0x58 CMakeFiles/sh1106UltimateLib.elf.dir/Src/main.c.obj
 .comment       0x0000000000000057       0x58 CMakeFiles/sh1106UltimateLib.elf.dir/Src/sh1106Ultimate.c.obj
 .comment       0x0000000000000057       0x58 CMakeFiles/sh1106UltimateLib.elf.dir/Src/stm32f4xx_hal_msp.c.obj
 .comment       0x0000000000000057       0x58 CMakeFiles/sh1106UltimateLib.elf.dir/Src/stm32f4xx_it.c.obj
 .comment       0x0000000000000057       0x58 CMakeFiles/sh1106UltimateLib.elf.dir/Src/system_stm32f4xx.c.obj
 .comment       0x0000000000000057       0x58 /usr/lib/gcc/arm-none-eabi/7.3.1/thumb/v7e-m/libgcc.a(_udivmoddi4.o)
 .comment       0x0000000000000057       0x57 /usr/lib/gcc/arm-none-eabi/7.3.1/../../../arm-none-eabi/lib/thumb/v7e-m/libg_nano.a(lib_a-init.o)
                                         0x58 (size before relaxing)
 .comment       0x00000000000000ae       0x58 /usr/lib/gcc/arm-none-eabi/7.3.1/../../../arm-none-eabi/lib/thumb/v7e-m/libg_nano.a(lib_a-memset.o)
 .comment       0x00000000000000ae       0x58 /usr/lib/gcc/arm-none-eabi/7.3.1/thumb/v7e-m/crtend.o

.debug_info     0x0000000000000000     0xa43a
 .debug_info    0x0000000000000000      0x8ce CMakeFiles/sh1106UltimateLib.elf.dir/Drivers/STM32F4xx_HAL_Driver/Src/stm32f4xx_hal.c.obj
 .debug_info    0x00000000000008ce      0xd8d CMakeFiles/sh1106UltimateLib.elf.dir/Drivers/STM32F4xx_HAL_Driver/Src/stm32f4xx_hal_cortex.c.obj
 .debug_info    0x000000000000165b      0x7d2 CMakeFiles/sh1106UltimateLib.elf.dir/Drivers/STM32F4xx_HAL_Driver/Src/stm32f4xx_hal_gpio.c.obj
 .debug_info    0x0000000000001e2d     0x23af CMakeFiles/sh1106UltimateLib.elf.dir/Drivers/STM32F4xx_HAL_Driver/Src/stm32f4xx_hal_i2c.c.obj
 .debug_info    0x00000000000041dc      0x923 CMakeFiles/sh1106UltimateLib.elf.dir/Drivers/STM32F4xx_HAL_Driver/Src/stm32f4xx_hal_rcc.c.obj
 .debug_info    0x0000000000004aff      0x503 CMakeFiles/sh1106UltimateLib.elf.dir/Src/gpio.c.obj
 .debug_info    0x0000000000005002      0xa1d CMakeFiles/sh1106UltimateLib.elf.dir/Src/i2c.c.obj
 .debug_info    0x0000000000005a1f      0xad2 CMakeFiles/sh1106UltimateLib.elf.dir/Src/main.c.obj
 .debug_info    0x00000000000064f1     0x176b CMakeFiles/sh1106UltimateLib.elf.dir/Src/sh1106Ultimate.c.obj
 .debug_info    0x0000000000007c5c      0x381 CMakeFiles/sh1106UltimateLib.elf.dir/Src/stm32f4xx_hal_msp.c.obj
 .debug_info    0x0000000000007fdd      0x1ff CMakeFiles/sh1106UltimateLib.elf.dir/Src/stm32f4xx_it.c.obj
 .debug_info    0x00000000000081dc      0x573 CMakeFiles/sh1106UltimateLib.elf.dir/Src/system_stm32f4xx.c.obj
 .debug_info    0x000000000000874f       0x22 CMakeFiles/sh1106UltimateLib.elf.dir/startup/startup_stm32f411xe.s.obj
 .debug_info    0x0000000000008771       0x26 /usr/lib/gcc/arm-none-eabi/7.3.1/thumb/v7e-m/libgcc.a(_arm_addsubdf3.o)
 .debug_info    0x0000000000008797       0x26 /usr/lib/gcc/arm-none-eabi/7.3.1/thumb/v7e-m/libgcc.a(_arm_fixunsdfsi.o)
 .debug_info    0x00000000000087bd       0x26 /usr/lib/gcc/arm-none-eabi/7.3.1/thumb/v7e-m/libgcc.a(_aeabi_uldivmod.o)
 .debug_info    0x00000000000087e3      0xd0b /usr/lib/gcc/arm-none-eabi/7.3.1/thumb/v7e-m/libgcc.a(_udivmoddi4.o)
 .debug_info    0x00000000000094ee       0x26 /usr/lib/gcc/arm-none-eabi/7.3.1/thumb/v7e-m/libgcc.a(_dvmd_tls.o)
 .debug_info    0x0000000000009514      0x109 /usr/lib/gcc/arm-none-eabi/7.3.1/../../../arm-none-eabi/lib/thumb/v7e-m/libg_nano.a(lib_a-init.o)
 .debug_info    0x000000000000961d      0xe1d /usr/lib/gcc/arm-none-eabi/7.3.1/../../../arm-none-eabi/lib/thumb/v7e-m/libg_nano.a(lib_a-memset.o)

.debug_abbrev   0x0000000000000000     0x1a6b
 .debug_abbrev  0x0000000000000000      0x1ef CMakeFiles/sh1106UltimateLib.elf.dir/Drivers/STM32F4xx_HAL_Driver/Src/stm32f4xx_hal.c.obj
 .debug_abbrev  0x00000000000001ef      0x2f7 CMakeFiles/sh1106UltimateLib.elf.dir/Drivers/STM32F4xx_HAL_Driver/Src/stm32f4xx_hal_cortex.c.obj
 .debug_abbrev  0x00000000000004e6      0x1c6 CMakeFiles/sh1106UltimateLib.elf.dir/Drivers/STM32F4xx_HAL_Driver/Src/stm32f4xx_hal_gpio.c.obj
 .debug_abbrev  0x00000000000006ac      0x260 CMakeFiles/sh1106UltimateLib.elf.dir/Drivers/STM32F4xx_HAL_Driver/Src/stm32f4xx_hal_i2c.c.obj
 .debug_abbrev  0x000000000000090c      0x242 CMakeFiles/sh1106UltimateLib.elf.dir/Drivers/STM32F4xx_HAL_Driver/Src/stm32f4xx_hal_rcc.c.obj
 .debug_abbrev  0x0000000000000b4e      0x131 CMakeFiles/sh1106UltimateLib.elf.dir/Src/gpio.c.obj
 .debug_abbrev  0x0000000000000c7f      0x196 CMakeFiles/sh1106UltimateLib.elf.dir/Src/i2c.c.obj
 .debug_abbrev  0x0000000000000e15      0x1ac CMakeFiles/sh1106UltimateLib.elf.dir/Src/main.c.obj
 .debug_abbrev  0x0000000000000fc1      0x35c CMakeFiles/sh1106UltimateLib.elf.dir/Src/sh1106Ultimate.c.obj
 .debug_abbrev  0x000000000000131d      0x106 CMakeFiles/sh1106UltimateLib.elf.dir/Src/stm32f4xx_hal_msp.c.obj
 .debug_abbrev  0x0000000000001423       0xc3 CMakeFiles/sh1106UltimateLib.elf.dir/Src/stm32f4xx_it.c.obj
 .debug_abbrev  0x00000000000014e6      0x128 CMakeFiles/sh1106UltimateLib.elf.dir/Src/system_stm32f4xx.c.obj
 .debug_abbrev  0x000000000000160e       0x12 CMakeFiles/sh1106UltimateLib.elf.dir/startup/startup_stm32f411xe.s.obj
 .debug_abbrev  0x0000000000001620       0x14 /usr/lib/gcc/arm-none-eabi/7.3.1/thumb/v7e-m/libgcc.a(_arm_addsubdf3.o)
 .debug_abbrev  0x0000000000001634       0x14 /usr/lib/gcc/arm-none-eabi/7.3.1/thumb/v7e-m/libgcc.a(_arm_fixunsdfsi.o)
 .debug_abbrev  0x0000000000001648       0x14 /usr/lib/gcc/arm-none-eabi/7.3.1/thumb/v7e-m/libgcc.a(_aeabi_uldivmod.o)
 .debug_abbrev  0x000000000000165c      0x199 /usr/lib/gcc/arm-none-eabi/7.3.1/thumb/v7e-m/libgcc.a(_udivmoddi4.o)
 .debug_abbrev  0x00000000000017f5       0x14 /usr/lib/gcc/arm-none-eabi/7.3.1/thumb/v7e-m/libgcc.a(_dvmd_tls.o)
 .debug_abbrev  0x0000000000001809       0xba /usr/lib/gcc/arm-none-eabi/7.3.1/../../../arm-none-eabi/lib/thumb/v7e-m/libg_nano.a(lib_a-init.o)
 .debug_abbrev  0x00000000000018c3      0x1a8 /usr/lib/gcc/arm-none-eabi/7.3.1/../../../arm-none-eabi/lib/thumb/v7e-m/libg_nano.a(lib_a-memset.o)

.debug_aranges  0x0000000000000000      0x880
 .debug_aranges
                0x0000000000000000       0xf0 CMakeFiles/sh1106UltimateLib.elf.dir/Drivers/STM32F4xx_HAL_Driver/Src/stm32f4xx_hal.c.obj
 .debug_aranges
                0x00000000000000f0      0x118 CMakeFiles/sh1106UltimateLib.elf.dir/Drivers/STM32F4xx_HAL_Driver/Src/stm32f4xx_hal_cortex.c.obj
 .debug_aranges
                0x0000000000000208       0x58 CMakeFiles/sh1106UltimateLib.elf.dir/Drivers/STM32F4xx_HAL_Driver/Src/stm32f4xx_hal_gpio.c.obj
 .debug_aranges
                0x0000000000000260      0x298 CMakeFiles/sh1106UltimateLib.elf.dir/Drivers/STM32F4xx_HAL_Driver/Src/stm32f4xx_hal_i2c.c.obj
 .debug_aranges
                0x00000000000004f8       0x88 CMakeFiles/sh1106UltimateLib.elf.dir/Drivers/STM32F4xx_HAL_Driver/Src/stm32f4xx_hal_rcc.c.obj
 .debug_aranges
                0x0000000000000580       0x20 CMakeFiles/sh1106UltimateLib.elf.dir/Src/gpio.c.obj
 .debug_aranges
                0x00000000000005a0       0x30 CMakeFiles/sh1106UltimateLib.elf.dir/Src/i2c.c.obj
 .debug_aranges
                0x00000000000005d0       0x30 CMakeFiles/sh1106UltimateLib.elf.dir/Src/main.c.obj
 .debug_aranges
                0x0000000000000600       0xd0 CMakeFiles/sh1106UltimateLib.elf.dir/Src/sh1106Ultimate.c.obj
 .debug_aranges
                0x00000000000006d0       0x20 CMakeFiles/sh1106UltimateLib.elf.dir/Src/stm32f4xx_hal_msp.c.obj
 .debug_aranges
                0x00000000000006f0       0x60 CMakeFiles/sh1106UltimateLib.elf.dir/Src/stm32f4xx_it.c.obj
 .debug_aranges
                0x0000000000000750       0x28 CMakeFiles/sh1106UltimateLib.elf.dir/Src/system_stm32f4xx.c.obj
 .debug_aranges
                0x0000000000000778       0x28 CMakeFiles/sh1106UltimateLib.elf.dir/startup/startup_stm32f411xe.s.obj
 .debug_aranges
                0x00000000000007a0       0x20 /usr/lib/gcc/arm-none-eabi/7.3.1/thumb/v7e-m/libgcc.a(_arm_addsubdf3.o)
 .debug_aranges
                0x00000000000007c0       0x20 /usr/lib/gcc/arm-none-eabi/7.3.1/thumb/v7e-m/libgcc.a(_arm_fixunsdfsi.o)
 .debug_aranges
                0x00000000000007e0       0x20 /usr/lib/gcc/arm-none-eabi/7.3.1/thumb/v7e-m/libgcc.a(_aeabi_uldivmod.o)
 .debug_aranges
                0x0000000000000800       0x20 /usr/lib/gcc/arm-none-eabi/7.3.1/thumb/v7e-m/libgcc.a(_udivmoddi4.o)
 .debug_aranges
                0x0000000000000820       0x20 /usr/lib/gcc/arm-none-eabi/7.3.1/thumb/v7e-m/libgcc.a(_dvmd_tls.o)
 .debug_aranges
                0x0000000000000840       0x20 /usr/lib/gcc/arm-none-eabi/7.3.1/../../../arm-none-eabi/lib/thumb/v7e-m/libg_nano.a(lib_a-init.o)
 .debug_aranges
                0x0000000000000860       0x20 /usr/lib/gcc/arm-none-eabi/7.3.1/../../../arm-none-eabi/lib/thumb/v7e-m/libg_nano.a(lib_a-memset.o)

.debug_ranges   0x0000000000000000      0x7d8
 .debug_ranges  0x0000000000000000       0xe0 CMakeFiles/sh1106UltimateLib.elf.dir/Drivers/STM32F4xx_HAL_Driver/Src/stm32f4xx_hal.c.obj
 .debug_ranges  0x00000000000000e0      0x108 CMakeFiles/sh1106UltimateLib.elf.dir/Drivers/STM32F4xx_HAL_Driver/Src/stm32f4xx_hal_cortex.c.obj
 .debug_ranges  0x00000000000001e8       0x48 CMakeFiles/sh1106UltimateLib.elf.dir/Drivers/STM32F4xx_HAL_Driver/Src/stm32f4xx_hal_gpio.c.obj
 .debug_ranges  0x0000000000000230      0x2a8 CMakeFiles/sh1106UltimateLib.elf.dir/Drivers/STM32F4xx_HAL_Driver/Src/stm32f4xx_hal_i2c.c.obj
 .debug_ranges  0x00000000000004d8       0x78 CMakeFiles/sh1106UltimateLib.elf.dir/Drivers/STM32F4xx_HAL_Driver/Src/stm32f4xx_hal_rcc.c.obj
 .debug_ranges  0x0000000000000550       0x10 CMakeFiles/sh1106UltimateLib.elf.dir/Src/gpio.c.obj
 .debug_ranges  0x0000000000000560       0x20 CMakeFiles/sh1106UltimateLib.elf.dir/Src/i2c.c.obj
 .debug_ranges  0x0000000000000580       0x20 CMakeFiles/sh1106UltimateLib.elf.dir/Src/main.c.obj
 .debug_ranges  0x00000000000005a0       0xc0 CMakeFiles/sh1106UltimateLib.elf.dir/Src/sh1106Ultimate.c.obj
 .debug_ranges  0x0000000000000660       0x10 CMakeFiles/sh1106UltimateLib.elf.dir/Src/stm32f4xx_hal_msp.c.obj
 .debug_ranges  0x0000000000000670       0x50 CMakeFiles/sh1106UltimateLib.elf.dir/Src/stm32f4xx_it.c.obj
 .debug_ranges  0x00000000000006c0       0x18 CMakeFiles/sh1106UltimateLib.elf.dir/Src/system_stm32f4xx.c.obj
 .debug_ranges  0x00000000000006d8       0x20 CMakeFiles/sh1106UltimateLib.elf.dir/startup/startup_stm32f411xe.s.obj
 .debug_ranges  0x00000000000006f8       0xe0 /usr/lib/gcc/arm-none-eabi/7.3.1/thumb/v7e-m/libgcc.a(_udivmoddi4.o)

.debug_line     0x0000000000000000     0x4970
 .debug_line    0x0000000000000000      0x467 CMakeFiles/sh1106UltimateLib.elf.dir/Drivers/STM32F4xx_HAL_Driver/Src/stm32f4xx_hal.c.obj
 .debug_line    0x0000000000000467      0x59d CMakeFiles/sh1106UltimateLib.elf.dir/Drivers/STM32F4xx_HAL_Driver/Src/stm32f4xx_hal_cortex.c.obj
 .debug_line    0x0000000000000a04      0x422 CMakeFiles/sh1106UltimateLib.elf.dir/Drivers/STM32F4xx_HAL_Driver/Src/stm32f4xx_hal_gpio.c.obj
 .debug_line    0x0000000000000e26     0x16cf CMakeFiles/sh1106UltimateLib.elf.dir/Drivers/STM32F4xx_HAL_Driver/Src/stm32f4xx_hal_i2c.c.obj
 .debug_line    0x00000000000024f5      0x508 CMakeFiles/sh1106UltimateLib.elf.dir/Drivers/STM32F4xx_HAL_Driver/Src/stm32f4xx_hal_rcc.c.obj
 .debug_line    0x00000000000029fd      0x25d CMakeFiles/sh1106UltimateLib.elf.dir/Src/gpio.c.obj
 .debug_line    0x0000000000002c5a      0x300 CMakeFiles/sh1106UltimateLib.elf.dir/Src/i2c.c.obj
 .debug_line    0x0000000000002f5a      0x3ba CMakeFiles/sh1106UltimateLib.elf.dir/Src/main.c.obj
 .debug_line    0x0000000000003314      0x6e6 CMakeFiles/sh1106UltimateLib.elf.dir/Src/sh1106Ultimate.c.obj
 .debug_line    0x00000000000039fa      0x22d CMakeFiles/sh1106UltimateLib.elf.dir/Src/stm32f4xx_hal_msp.c.obj
 .debug_line    0x0000000000003c27      0x2ae CMakeFiles/sh1106UltimateLib.elf.dir/Src/stm32f4xx_it.c.obj
 .debug_line    0x0000000000003ed5      0x251 CMakeFiles/sh1106UltimateLib.elf.dir/Src/system_stm32f4xx.c.obj
 .debug_line    0x0000000000004126       0xb5 CMakeFiles/sh1106UltimateLib.elf.dir/startup/startup_stm32f411xe.s.obj
 .debug_line    0x00000000000041db      0x182 /usr/lib/gcc/arm-none-eabi/7.3.1/thumb/v7e-m/libgcc.a(_arm_addsubdf3.o)
 .debug_line    0x000000000000435d       0x72 /usr/lib/gcc/arm-none-eabi/7.3.1/thumb/v7e-m/libgcc.a(_arm_fixunsdfsi.o)
 .debug_line    0x00000000000043cf       0x5d /usr/lib/gcc/arm-none-eabi/7.3.1/thumb/v7e-m/libgcc.a(_aeabi_uldivmod.o)
 .debug_line    0x000000000000442c      0x24c /usr/lib/gcc/arm-none-eabi/7.3.1/thumb/v7e-m/libgcc.a(_udivmoddi4.o)
 .debug_line    0x0000000000004678       0x5d /usr/lib/gcc/arm-none-eabi/7.3.1/thumb/v7e-m/libgcc.a(_dvmd_tls.o)
 .debug_line    0x00000000000046d5       0xb9 /usr/lib/gcc/arm-none-eabi/7.3.1/../../../arm-none-eabi/lib/thumb/v7e-m/libg_nano.a(lib_a-init.o)
 .debug_line    0x000000000000478e      0x1e2 /usr/lib/gcc/arm-none-eabi/7.3.1/../../../arm-none-eabi/lib/thumb/v7e-m/libg_nano.a(lib_a-memset.o)

.debug_str      0x0000000000000000     0x44a1
 .debug_str     0x0000000000000000      0xa07 CMakeFiles/sh1106UltimateLib.elf.dir/Drivers/STM32F4xx_HAL_Driver/Src/stm32f4xx_hal.c.obj
                                        0xa70 (size before relaxing)
 .debug_str     0x0000000000000a07      0x523 CMakeFiles/sh1106UltimateLib.elf.dir/Drivers/STM32F4xx_HAL_Driver/Src/stm32f4xx_hal_cortex.c.obj
                                        0xbe2 (size before relaxing)
 .debug_str     0x0000000000000f2a      0x20e CMakeFiles/sh1106UltimateLib.elf.dir/Drivers/STM32F4xx_HAL_Driver/Src/stm32f4xx_hal_gpio.c.obj
                                        0x612 (size before relaxing)
 .debug_str     0x0000000000001138      0xd76 CMakeFiles/sh1106UltimateLib.elf.dir/Drivers/STM32F4xx_HAL_Driver/Src/stm32f4xx_hal_i2c.c.obj
                                       0x10d5 (size before relaxing)
 .debug_str     0x0000000000001eae      0x31f CMakeFiles/sh1106UltimateLib.elf.dir/Drivers/STM32F4xx_HAL_Driver/Src/stm32f4xx_hal_rcc.c.obj
                                        0x7c9 (size before relaxing)
 .debug_str     0x00000000000021cd       0x51 CMakeFiles/sh1106UltimateLib.elf.dir/Src/gpio.c.obj
                                        0x48b (size before relaxing)
 .debug_str     0x000000000000221e       0x60 CMakeFiles/sh1106UltimateLib.elf.dir/Src/i2c.c.obj
                                        0x9a5 (size before relaxing)
 .debug_str     0x000000000000227e       0x9f CMakeFiles/sh1106UltimateLib.elf.dir/Src/main.c.obj
                                        0xa7a (size before relaxing)
 .debug_str     0x000000000000231d      0x6b8 CMakeFiles/sh1106UltimateLib.elf.dir/Src/sh1106Ultimate.c.obj
                                        0xee4 (size before relaxing)
 .debug_str     0x00000000000029d5       0x51 CMakeFiles/sh1106UltimateLib.elf.dir/Src/stm32f4xx_hal_msp.c.obj
                                        0x3fa (size before relaxing)
 .debug_str     0x0000000000002a26       0xdc CMakeFiles/sh1106UltimateLib.elf.dir/Src/stm32f4xx_it.c.obj
                                        0x364 (size before relaxing)
 .debug_str     0x0000000000002b02       0x7b CMakeFiles/sh1106UltimateLib.elf.dir/Src/system_stm32f4xx.c.obj
                                        0x476 (size before relaxing)
 .debug_str     0x0000000000002b7d       0x63 CMakeFiles/sh1106UltimateLib.elf.dir/startup/startup_stm32f411xe.s.obj
                                         0xae (size before relaxing)
 .debug_str     0x0000000000002be0       0x9f /usr/lib/gcc/arm-none-eabi/7.3.1/thumb/v7e-m/libgcc.a(_arm_addsubdf3.o)
 .debug_str     0x0000000000002c7f       0x9f /usr/lib/gcc/arm-none-eabi/7.3.1/thumb/v7e-m/libgcc.a(_arm_fixunsdfsi.o)
 .debug_str     0x0000000000002c7f       0x29 /usr/lib/gcc/arm-none-eabi/7.3.1/thumb/v7e-m/libgcc.a(_aeabi_uldivmod.o)
                                         0x9a (size before relaxing)
 .debug_str     0x0000000000002ca8     0x1320 /usr/lib/gcc/arm-none-eabi/7.3.1/thumb/v7e-m/libgcc.a(_udivmoddi4.o)
                                       0x1411 (size before relaxing)
 .debug_str     0x0000000000003fc8       0x2d /usr/lib/gcc/arm-none-eabi/7.3.1/thumb/v7e-m/libgcc.a(_dvmd_tls.o)
                                         0x9e (size before relaxing)
 .debug_str     0x0000000000003ff5      0x188 /usr/lib/gcc/arm-none-eabi/7.3.1/../../../arm-none-eabi/lib/thumb/v7e-m/libg_nano.a(lib_a-init.o)
                                        0x223 (size before relaxing)
 .debug_str     0x000000000000417d      0x324 /usr/lib/gcc/arm-none-eabi/7.3.1/../../../arm-none-eabi/lib/thumb/v7e-m/libg_nano.a(lib_a-memset.o)
                                        0x909 (size before relaxing)

.debug_frame    0x0000000000000000     0x1f34
 .debug_frame   0x0000000000000000      0x374 CMakeFiles/sh1106UltimateLib.elf.dir/Drivers/STM32F4xx_HAL_Driver/Src/stm32f4xx_hal.c.obj
 .debug_frame   0x0000000000000374      0x498 CMakeFiles/sh1106UltimateLib.elf.dir/Drivers/STM32F4xx_HAL_Driver/Src/stm32f4xx_hal_cortex.c.obj
 .debug_frame   0x000000000000080c      0x14c CMakeFiles/sh1106UltimateLib.elf.dir/Drivers/STM32F4xx_HAL_Driver/Src/stm32f4xx_hal_gpio.c.obj
 .debug_frame   0x0000000000000958      0xc38 CMakeFiles/sh1106UltimateLib.elf.dir/Drivers/STM32F4xx_HAL_Driver/Src/stm32f4xx_hal_i2c.c.obj
 .debug_frame   0x0000000000001590      0x1f0 CMakeFiles/sh1106UltimateLib.elf.dir/Drivers/STM32F4xx_HAL_Driver/Src/stm32f4xx_hal_rcc.c.obj
 .debug_frame   0x0000000000001780       0x34 CMakeFiles/sh1106UltimateLib.elf.dir/Src/gpio.c.obj
 .debug_frame   0x00000000000017b4       0x74 CMakeFiles/sh1106UltimateLib.elf.dir/Src/i2c.c.obj
 .debug_frame   0x0000000000001828       0x74 CMakeFiles/sh1106UltimateLib.elf.dir/Src/main.c.obj
 .debug_frame   0x000000000000189c      0x368 CMakeFiles/sh1106UltimateLib.elf.dir/Src/sh1106Ultimate.c.obj
 .debug_frame   0x0000000000001c04       0x38 CMakeFiles/sh1106UltimateLib.elf.dir/Src/stm32f4xx_hal_msp.c.obj
 .debug_frame   0x0000000000001c3c      0x10c CMakeFiles/sh1106UltimateLib.elf.dir/Src/stm32f4xx_it.c.obj
 .debug_frame   0x0000000000001d48       0x58 CMakeFiles/sh1106UltimateLib.elf.dir/Src/system_stm32f4xx.c.obj
 .debug_frame   0x0000000000001da0       0xac /usr/lib/gcc/arm-none-eabi/7.3.1/thumb/v7e-m/libgcc.a(_arm_addsubdf3.o)
 .debug_frame   0x0000000000001e4c       0x24 /usr/lib/gcc/arm-none-eabi/7.3.1/thumb/v7e-m/libgcc.a(_arm_fixunsdfsi.o)
 .debug_frame   0x0000000000001e70       0x2c /usr/lib/gcc/arm-none-eabi/7.3.1/thumb/v7e-m/libgcc.a(_aeabi_uldivmod.o)
 .debug_frame   0x0000000000001e9c       0x34 /usr/lib/gcc/arm-none-eabi/7.3.1/thumb/v7e-m/libgcc.a(_udivmoddi4.o)
 .debug_frame   0x0000000000001ed0       0x2c /usr/lib/gcc/arm-none-eabi/7.3.1/../../../arm-none-eabi/lib/thumb/v7e-m/libg_nano.a(lib_a-init.o)
 .debug_frame   0x0000000000001efc       0x38 /usr/lib/gcc/arm-none-eabi/7.3.1/../../../arm-none-eabi/lib/thumb/v7e-m/libg_nano.a(lib_a-memset.o)

.debug_loc      0x0000000000000000     0x1062
 .debug_loc     0x0000000000000000      0xe4b /usr/lib/gcc/arm-none-eabi/7.3.1/thumb/v7e-m/libgcc.a(_udivmoddi4.o)
 .debug_loc     0x0000000000000e4b       0xa2 /usr/lib/gcc/arm-none-eabi/7.3.1/../../../arm-none-eabi/lib/thumb/v7e-m/libg_nano.a(lib_a-init.o)
 .debug_loc     0x0000000000000eed      0x175 /usr/lib/gcc/arm-none-eabi/7.3.1/../../../arm-none-eabi/lib/thumb/v7e-m/libg_nano.a(lib_a-memset.o)
