Archive member included to satisfy reference by file (symbol)

/usr/lib/gcc/arm-none-eabi/7.3.1/thumb/v7e-m/libgcc.a(_aeabi_uldivmod.o)
                              CMakeFiles/sh1106_ultimate.elf.dir/Drivers/STM32F4xx_HAL_Driver/Src/stm32f4xx_hal_rcc.c.obj (__aeabi_uldivmod)
/usr/lib/gcc/arm-none-eabi/7.3.1/thumb/v7e-m/libgcc.a(_udivmoddi4.o)
                              /usr/lib/gcc/arm-none-eabi/7.3.1/thumb/v7e-m/libgcc.a(_aeabi_uldivmod.o) (__udivmoddi4)
/usr/lib/gcc/arm-none-eabi/7.3.1/thumb/v7e-m/libgcc.a(_dvmd_tls.o)
                              /usr/lib/gcc/arm-none-eabi/7.3.1/thumb/v7e-m/libgcc.a(_aeabi_uldivmod.o) (__aeabi_ldiv0)
/usr/lib/gcc/arm-none-eabi/7.3.1/../../../arm-none-eabi/lib/thumb/v7e-m/libg_nano.a(lib_a-atexit.o)
                              /usr/lib/gcc/arm-none-eabi/7.3.1/../../../arm-none-eabi/lib/thumb/v7e-m/crt0.o (atexit)
/usr/lib/gcc/arm-none-eabi/7.3.1/../../../arm-none-eabi/lib/thumb/v7e-m/libg_nano.a(lib_a-errno.o)
                              CMakeFiles/sh1106_ultimate.elf.dir/Src/syscalls.c.obj (__errno)
/usr/lib/gcc/arm-none-eabi/7.3.1/../../../arm-none-eabi/lib/thumb/v7e-m/libg_nano.a(lib_a-exit.o)
                              /usr/lib/gcc/arm-none-eabi/7.3.1/../../../arm-none-eabi/lib/thumb/v7e-m/crt0.o (exit)
/usr/lib/gcc/arm-none-eabi/7.3.1/../../../arm-none-eabi/lib/thumb/v7e-m/libg_nano.a(lib_a-fini.o)
                              /usr/lib/gcc/arm-none-eabi/7.3.1/../../../arm-none-eabi/lib/thumb/v7e-m/crt0.o (__libc_fini_array)
/usr/lib/gcc/arm-none-eabi/7.3.1/../../../arm-none-eabi/lib/thumb/v7e-m/libg_nano.a(lib_a-impure.o)
                              /usr/lib/gcc/arm-none-eabi/7.3.1/../../../arm-none-eabi/lib/thumb/v7e-m/libg_nano.a(lib_a-exit.o) (_global_impure_ptr)
/usr/lib/gcc/arm-none-eabi/7.3.1/../../../arm-none-eabi/lib/thumb/v7e-m/libg_nano.a(lib_a-init.o)
                              /usr/lib/gcc/arm-none-eabi/7.3.1/../../../arm-none-eabi/lib/thumb/v7e-m/crt0.o (__libc_init_array)
/usr/lib/gcc/arm-none-eabi/7.3.1/../../../arm-none-eabi/lib/thumb/v7e-m/libg_nano.a(lib_a-memset.o)
                              /usr/lib/gcc/arm-none-eabi/7.3.1/../../../arm-none-eabi/lib/thumb/v7e-m/crt0.o (memset)
/usr/lib/gcc/arm-none-eabi/7.3.1/../../../arm-none-eabi/lib/thumb/v7e-m/libg_nano.a(lib_a-__atexit.o)
                              /usr/lib/gcc/arm-none-eabi/7.3.1/../../../arm-none-eabi/lib/thumb/v7e-m/libg_nano.a(lib_a-atexit.o) (__register_exitproc)
/usr/lib/gcc/arm-none-eabi/7.3.1/../../../arm-none-eabi/lib/thumb/v7e-m/libg_nano.a(lib_a-__call_atexit.o)
                              /usr/lib/gcc/arm-none-eabi/7.3.1/../../../arm-none-eabi/lib/thumb/v7e-m/libg_nano.a(lib_a-__atexit.o) (__call_exitprocs)

Discarded input sections

 .text          0x0000000000000000        0x0 /usr/lib/gcc/arm-none-eabi/7.3.1/thumb/v7e-m/crti.o
 .data          0x0000000000000000        0x0 /usr/lib/gcc/arm-none-eabi/7.3.1/thumb/v7e-m/crti.o
 .bss           0x0000000000000000        0x0 /usr/lib/gcc/arm-none-eabi/7.3.1/thumb/v7e-m/crti.o
 .data          0x0000000000000000        0x4 /usr/lib/gcc/arm-none-eabi/7.3.1/thumb/v7e-m/crtbegin.o
 .text          0x0000000000000000       0x68 /usr/lib/gcc/arm-none-eabi/7.3.1/../../../arm-none-eabi/lib/thumb/v7e-m/crt0.o
 .data          0x0000000000000000        0x0 /usr/lib/gcc/arm-none-eabi/7.3.1/../../../arm-none-eabi/lib/thumb/v7e-m/crt0.o
 .bss           0x0000000000000000        0x0 /usr/lib/gcc/arm-none-eabi/7.3.1/../../../arm-none-eabi/lib/thumb/v7e-m/crt0.o
 .ARM.extab     0x0000000000000000        0x0 /usr/lib/gcc/arm-none-eabi/7.3.1/../../../arm-none-eabi/lib/thumb/v7e-m/crt0.o
 .ARM.exidx     0x0000000000000000        0x8 /usr/lib/gcc/arm-none-eabi/7.3.1/../../../arm-none-eabi/lib/thumb/v7e-m/crt0.o
 .debug_line    0x0000000000000000       0x81 /usr/lib/gcc/arm-none-eabi/7.3.1/../../../arm-none-eabi/lib/thumb/v7e-m/crt0.o
 .debug_info    0x0000000000000000       0x26 /usr/lib/gcc/arm-none-eabi/7.3.1/../../../arm-none-eabi/lib/thumb/v7e-m/crt0.o
 .debug_abbrev  0x0000000000000000       0x14 /usr/lib/gcc/arm-none-eabi/7.3.1/../../../arm-none-eabi/lib/thumb/v7e-m/crt0.o
 .debug_aranges
                0x0000000000000000       0x20 /usr/lib/gcc/arm-none-eabi/7.3.1/../../../arm-none-eabi/lib/thumb/v7e-m/crt0.o
 .debug_str     0x0000000000000000       0x98 /usr/lib/gcc/arm-none-eabi/7.3.1/../../../arm-none-eabi/lib/thumb/v7e-m/crt0.o
 .ARM.attributes
                0x0000000000000000       0x1c /usr/lib/gcc/arm-none-eabi/7.3.1/../../../arm-none-eabi/lib/thumb/v7e-m/crt0.o
 .text          0x0000000000000000        0x0 CMakeFiles/sh1106_ultimate.elf.dir/Drivers/STM32F4xx_HAL_Driver/Src/stm32f4xx_hal.c.obj
 .data          0x0000000000000000        0x0 CMakeFiles/sh1106_ultimate.elf.dir/Drivers/STM32F4xx_HAL_Driver/Src/stm32f4xx_hal.c.obj
 .bss           0x0000000000000000        0x0 CMakeFiles/sh1106_ultimate.elf.dir/Drivers/STM32F4xx_HAL_Driver/Src/stm32f4xx_hal.c.obj
 .text.HAL_DeInit
[...]
Memory Configuration

Name             Origin             Length             Attributes
RAM              0x0000000020000000 0x0000000000020000 xrw
FLASH            0x0000000008000000 0x0000000000080000 xr
*default*        0x0000000000000000 0xffffffffffffffff

Linker script and memory map

LOAD /usr/lib/gcc/arm-none-eabi/7.3.1/thumb/v7e-m/crti.o
LOAD /usr/lib/gcc/arm-none-eabi/7.3.1/thumb/v7e-m/crtbegin.o
LOAD /usr/lib/gcc/arm-none-eabi/7.3.1/../../../arm-none-eabi/lib/thumb/v7e-m/crt0.o
LOAD CMakeFiles/sh1106_ultimate.elf.dir/Drivers/STM32F4xx_HAL_Driver/Src/stm32f4xx_hal.c.obj
LOAD CMakeFiles/sh1106_ultimate.elf.dir/Drivers/STM32F4xx_HAL_Driver/Src/stm32f4xx_hal_cortex.c.obj
LOAD CMakeFiles/sh1106_ultimate.elf.dir/Drivers/STM32F4xx_HAL_Driver/Src/stm32f4xx_hal_dma.c.obj
LOAD CMakeFiles/sh1106_ultimate.elf.dir/Drivers/STM32F4xx_HAL_Driver/Src/stm32f4xx_hal_dma_ex.c.obj
LOAD CMakeFiles/sh1106_ultimate.elf.dir/Drivers/STM32F4xx_HAL_Driver/Src/stm32f4xx_hal_exti.c.obj
LOAD CMakeFiles/sh1106_ultimate.elf.dir/Drivers/STM32F4xx_HAL_Driver/Src/stm32f4xx_hal_flash.c.obj
LOAD CMakeFiles/sh1106_ultimate.elf.dir/Drivers/STM32F4xx_HAL_Driver/Src/stm32f4xx_hal_flash_ex.c.obj
LOAD CMakeFiles/sh1106_ultimate.elf.dir/Drivers/STM32F4xx_HAL_Driver/Src/stm32f4xx_hal_flash_ramfunc.c.obj
LOAD CMakeFiles/sh1106_ultimate.elf.dir/Drivers/STM32F4xx_HAL_Driver/Src/stm32f4xx_hal_gpio.c.obj
LOAD CMakeFiles/sh1106_ultimate.elf.dir/Drivers/STM32F4xx_HAL_Driver/Src/stm32f4xx_hal_i2c.c.obj
LOAD CMakeFiles/sh1106_ultimate.elf.dir/Drivers/STM32F4xx_HAL_Driver/Src/stm32f4xx_hal_i2c_ex.c.obj
LOAD CMakeFiles/sh1106_ultimate.elf.dir/Drivers/STM32F4xx_HAL_Driver/Src/stm32f4xx_hal_pwr.c.obj
LOAD CMakeFiles/sh1106_ultimate.elf.dir/Drivers/STM32F4xx_HAL_Driver/Src/stm32f4xx_hal_pwr_ex.c.obj
LOAD CMakeFiles/sh1106_ultimate.elf.dir/Drivers/STM32F4xx_HAL_Driver/Src/stm32f4xx_hal_rcc.c.obj
LOAD CMakeFiles/sh1106_ultimate.elf.dir/Drivers/STM32F4xx_HAL_Driver/Src/stm32f4xx_hal_rcc_ex.c.obj
LOAD CMakeFiles/sh1106_ultimate.elf.dir/Drivers/STM32F4xx_HAL_Driver/Src/stm32f4xx_hal_spi.c.obj
LOAD CMakeFiles/sh1106_ultimate.elf.dir/Drivers/STM32F4xx_HAL_Driver/Src/stm32f4xx_hal_tim.c.obj
LOAD CMakeFiles/sh1106_ultimate.elf.dir/Drivers/STM32F4xx_HAL_Driver/Src/stm32f4xx_hal_tim_ex.c.obj
LOAD CMakeFiles/sh1106_ultimate.elf.dir/Src/gpio.c.obj
LOAD CMakeFiles/sh1106_ultimate.elf.dir/Src/i2c.c.obj
LOAD CMakeFiles/sh1106_ultimate.elf.dir/Src/main.c.obj
LOAD CMakeFiles/sh1106_ultimate.elf.dir/Src/sh1106Ultimate.c.obj
LOAD CMakeFiles/sh1106_ultimate.elf.dir/Src/spi.c.obj
LOAD CMakeFiles/sh1106_ultimate.elf.dir/Src/stm32f4xx_hal_msp.c.obj
LOAD CMakeFiles/sh1106_ultimate.elf.dir/Src/stm32f4xx_it.c.obj
LOAD CMakeFiles/sh1106_ultimate.elf.dir/Src/sys.c.obj
LOAD CMakeFiles/sh1106_ultimate.elf.dir/Src/syscalls.c.obj
LOAD CMakeFiles/sh1106_ultimate.elf.dir/Src/system_stm32f4xx.c.obj
LOAD CMakeFiles/sh1106_ultimate.elf.dir/startup/startup_stm32f411xe.s.obj
START GROUP
LOAD /usr/lib/gcc/arm-none-eabi/7.3.1/thumb/v7e-m/libgcc.a
LOAD /usr/lib/gcc/arm-none-eabi/7.3.1/../../../arm-none-eabi/lib/thumb/v7e-m/libg_nano.a
LOAD /usr/lib/gcc/arm-none-eabi/7.3.1/../../../arm-none-eabi/lib/thumb/v7e-m/libc_nano.a
END GROUP
START GROUP
LOAD /usr/lib/gcc/arm-none-eabi/7.3.1/thumb/v7e-m/libgcc.a
LOAD /usr/lib/gcc/arm-none-eabi/7.3.1/../../../arm-none-eabi/lib/thumb/v7e-m/libc_nano.a
LOAD /usr/lib/gcc/arm-none-eabi/7.3.1/../../../arm-none-eabi/lib/thumb/v7e-m/libnosys.a
END GROUP
START GROUP
LOAD /usr/lib/gcc/arm-none-eabi/7.3.1/thumb/v7e-m/libgcc.a
LOAD /usr/lib/gcc/arm-none-eabi/7.3.1/../../../arm-none-eabi/lib/thumb/v7e-m/libc_nano.a
LOAD /usr/lib/gcc/arm-none-eabi/7.3.1/../../../arm-none-eabi/lib/thumb/v7e-m/libnosys.a
END GROUP
LOAD /usr/lib/gcc/arm-none-eabi/7.3.1/thumb/v7e-m/crtend.o
LOAD /usr/lib/gcc/arm-none-eabi/7.3.1/thumb/v7e-m/crtn.o
                0x0000000020020000                _estack = 0x20020000
                0x0000000000000200                _Min_Heap_Size = 0x200
                0x0000000000000400                _Min_Stack_Size = 0x400

.isr_vector     0x0000000008000000      0x198
                0x0000000008000000                . = ALIGN (0x4)
 *(.isr_vector)
 .isr_vector    0x0000000008000000      0x198 CMakeFiles/sh1106_ultimate.elf.dir/startup/startup_stm32f411xe.s.obj
                0x0000000008000000                g_pfnVectors
                0x0000000008000198                . = ALIGN (0x4)

.text           0x0000000008000198     0x2948
                0x0000000008000198                . = ALIGN (0x4)
 *(.text)
 .text          0x0000000008000198       0x88 /usr/lib/gcc/arm-none-eabi/7.3.1/thumb/v7e-m/crtbegin.o
 .text          0x0000000008000220       0x30 /usr/lib/gcc/arm-none-eabi/7.3.1/thumb/v7e-m/libgcc.a(_aeabi_uldivmod.o)
                0x0000000008000220                __aeabi_uldivmod
 .text          0x0000000008000250      0x2cc /usr/lib/gcc/arm-none-eabi/7.3.1/thumb/v7e-m/libgcc.a(_udivmoddi4.o)
                0x0000000008000250                __udivmoddi4
 .text          0x000000000800051c        0x4 /usr/lib/gcc/arm-none-eabi/7.3.1/thumb/v7e-m/libgcc.a(_dvmd_tls.o)
                0x000000000800051c                __aeabi_ldiv0
                0x000000000800051c                __aeabi_idiv0
 .text          0x0000000008000520       0x48 /usr/lib/gcc/arm-none-eabi/7.3.1/../../../arm-none-eabi/lib/thumb/v7e-m/libg_nano.a(lib_a-init.o)
                0x0000000008000520                __libc_init_array
 .text          0x0000000008000568       0x94 /usr/lib/gcc/arm-none-eabi/7.3.1/../../../arm-none-eabi/lib/thumb/v7e-m/libg_nano.a(lib_a-memset.o)
                0x0000000008000568                memset
 *(.text*)
 .text.HAL_Init
                0x00000000080005fc       0x44 CMakeFiles/sh1106_ultimate.elf.dir/Drivers/STM32F4xx_HAL_Driver/Src/stm32f4xx_hal.c.obj
                0x00000000080005fc                HAL_Init
 .text.HAL_InitTick
                0x0000000008000640       0x60 CMakeFiles/sh1106_ultimate.elf.dir/Drivers/STM32F4xx_HAL_Driver/Src/stm32f4xx_hal.c.obj
                0x0000000008000640                HAL_InitTick
 .text.HAL_IncTick
                0x00000000080006a0       0x24 CMakeFiles/sh1106_ultimate.elf.dir/Drivers/STM32F4xx_HAL_Driver/Src/stm32f4xx_hal.c.obj
                0x00000000080006a0                HAL_IncTick
 .text.HAL_GetTick
                0x00000000080006c4       0x14 CMakeFiles/sh1106_ultimate.elf.dir/Drivers/STM32F4xx_HAL_Driver/Src/stm32f4xx_hal.c.obj
                0x00000000080006c4                HAL_GetTick
 .text.HAL_Delay
                0x00000000080006d8       0x44 CMakeFiles/sh1106_ultimate.elf.dir/Drivers/STM32F4xx_HAL_Driver/Src/stm32f4xx_hal.c.obj
                0x00000000080006d8                HAL_Delay
 .text.__NVIC_SetPriorityGrouping
                0x000000000800071c       0x48 CMakeFiles/sh1106_ultimate.elf.dir/Drivers/STM32F4xx_HAL_Driver/Src/stm32f4xx_hal_cortex.c.obj
 .text.__NVIC_GetPriorityGrouping
                0x0000000008000764       0x1c CMakeFiles/sh1106_ultimate.elf.dir/Drivers/STM32F4xx_HAL_Driver/Src/stm32f4xx_hal_cortex.c.obj
 .text.__NVIC_SetPriority
                0x0000000008000780       0x54 CMakeFiles/sh1106_ultimate.elf.dir/Drivers/STM32F4xx_HAL_Driver/Src/stm32f4xx_hal_cortex.c.obj
 .text.NVIC_EncodePriority
                0x00000000080007d4       0x64 CMakeFiles/sh1106_ultimate.elf.dir/Drivers/STM32F4xx_HAL_Driver/Src/stm32f4xx_hal_cortex.c.obj
 .text.SysTick_Config
                0x0000000008000838       0x44 CMakeFiles/sh1106_ultimate.elf.dir/Drivers/STM32F4xx_HAL_Driver/Src/stm32f4xx_hal_cortex.c.obj
 .text.HAL_NVIC_SetPriorityGrouping
                0x000000000800087c       0x16 CMakeFiles/sh1106_ultimate.elf.dir/Drivers/STM32F4xx_HAL_Driver/Src/stm32f4xx_hal_cortex.c.obj
                0x000000000800087c                HAL_NVIC_SetPriorityGrouping
 .text.HAL_NVIC_SetPriority
                0x0000000008000892       0x38 CMakeFiles/sh1106_ultimate.elf.dir/Drivers/STM32F4xx_HAL_Driver/Src/stm32f4xx_hal_cortex.c.obj
                0x0000000008000892                HAL_NVIC_SetPriority
 .text.HAL_SYSTICK_Config
                0x00000000080008ca       0x18 CMakeFiles/sh1106_ultimate.elf.dir/Drivers/STM32F4xx_HAL_Driver/Src/stm32f4xx_hal_cortex.c.obj
                0x00000000080008ca                HAL_SYSTICK_Config
 *fill*         0x00000000080008e2        0x2 
 .text.HAL_GPIO_Init
                0x00000000080008e4      0x304 CMakeFiles/sh1106_ultimate.elf.dir/Drivers/STM32F4xx_HAL_Driver/Src/stm32f4xx_hal_gpio.c.obj
                0x00000000080008e4                HAL_GPIO_Init
 .text.HAL_GPIO_WritePin
                0x0000000008000be8       0x30 CMakeFiles/sh1106_ultimate.elf.dir/Drivers/STM32F4xx_HAL_Driver/Src/stm32f4xx_hal_gpio.c.obj
                0x0000000008000be8                HAL_GPIO_WritePin
 .text.HAL_I2C_Init
                0x0000000008000c18      0x270 CMakeFiles/sh1106_ultimate.elf.dir/Drivers/STM32F4xx_HAL_Driver/Src/stm32f4xx_hal_i2c.c.obj
                0x0000000008000c18                HAL_I2C_Init
 .text.HAL_I2C_Master_Transmit
                0x0000000008000e88      0x1fc CMakeFiles/sh1106_ultimate.elf.dir/Drivers/STM32F4xx_HAL_Driver/Src/stm32f4xx_hal_i2c.c.obj
                0x0000000008000e88                HAL_I2C_Master_Transmit
 .text.I2C_MasterRequestWrite
                0x0000000008001084      0x104 CMakeFiles/sh1106_ultimate.elf.dir/Drivers/STM32F4xx_HAL_Driver/Src/stm32f4xx_hal_i2c.c.obj
 .text.I2C_WaitOnFlagUntilTimeout
                0x0000000008001188       0xae CMakeFiles/sh1106_ultimate.elf.dir/Drivers/STM32F4xx_HAL_Driver/Src/stm32f4xx_hal_i2c.c.obj
 .text.I2C_WaitOnMasterAddressFlagUntilTimeout
                0x0000000008001236       0xfe CMakeFiles/sh1106_ultimate.elf.dir/Drivers/STM32F4xx_HAL_Driver/Src/stm32f4xx_hal_i2c.c.obj
 .text.I2C_WaitOnTXEFlagUntilTimeout
                0x0000000008001334       0x82 CMakeFiles/sh1106_ultimate.elf.dir/Drivers/STM32F4xx_HAL_Driver/Src/stm32f4xx_hal_i2c.c.obj
 .text.I2C_WaitOnBTFFlagUntilTimeout
                0x00000000080013b6       0x82 CMakeFiles/sh1106_ultimate.elf.dir/Drivers/STM32F4xx_HAL_Driver/Src/stm32f4xx_hal_i2c.c.obj
 .text.I2C_IsAcknowledgeFailed
                0x0000000008001438       0x5c CMakeFiles/sh1106_ultimate.elf.dir/Drivers/STM32F4xx_HAL_Driver/Src/stm32f4xx_hal_i2c.c.obj
 .text.HAL_RCC_OscConfig
                0x0000000008001494      0x4e0 CMakeFiles/sh1106_ultimate.elf.dir/Drivers/STM32F4xx_HAL_Driver/Src/stm32f4xx_hal_rcc.c.obj
                0x0000000008001494                HAL_RCC_OscConfig
 .text.HAL_RCC_ClockConfig
                0x0000000008001974      0x1cc CMakeFiles/sh1106_ultimate.elf.dir/Drivers/STM32F4xx_HAL_Driver/Src/stm32f4xx_hal_rcc.c.obj
                0x0000000008001974                HAL_RCC_ClockConfig
 .text.HAL_RCC_GetSysClockFreq
                0x0000000008001b40      0x1b0 CMakeFiles/sh1106_ultimate.elf.dir/Drivers/STM32F4xx_HAL_Driver/Src/stm32f4xx_hal_rcc.c.obj
                0x0000000008001b40                HAL_RCC_GetSysClockFreq
 .text.HAL_RCC_GetHCLKFreq
                0x0000000008001cf0       0x14 CMakeFiles/sh1106_ultimate.elf.dir/Drivers/STM32F4xx_HAL_Driver/Src/stm32f4xx_hal_rcc.c.obj
                0x0000000008001cf0                HAL_RCC_GetHCLKFreq
 .text.HAL_RCC_GetPCLK1Freq
                0x0000000008001d04       0x28 CMakeFiles/sh1106_ultimate.elf.dir/Drivers/STM32F4xx_HAL_Driver/Src/stm32f4xx_hal_rcc.c.obj
                0x0000000008001d04                HAL_RCC_GetPCLK1Freq
 .text.HAL_SPI_Init
                0x0000000008001d2c       0xc8 CMakeFiles/sh1106_ultimate.elf.dir/Drivers/STM32F4xx_HAL_Driver/Src/stm32f4xx_hal_spi.c.obj
                0x0000000008001d2c                HAL_SPI_Init
 .text.MX_GPIO_Init
                0x0000000008001df4      0x198 CMakeFiles/sh1106_ultimate.elf.dir/Src/gpio.c.obj
                0x0000000008001df4                MX_GPIO_Init
 .text.MX_I2C3_Init
                0x0000000008001f8c       0x5c CMakeFiles/sh1106_ultimate.elf.dir/Src/i2c.c.obj
                0x0000000008001f8c                MX_I2C3_Init
 .text.HAL_I2C_MspInit
                0x0000000008001fe8       0xd4 CMakeFiles/sh1106_ultimate.elf.dir/Src/i2c.c.obj
                0x0000000008001fe8                HAL_I2C_MspInit
 .text.DEMO     0x00000000080020bc      0x204 CMakeFiles/sh1106_ultimate.elf.dir/Src/main.c.obj
                0x00000000080020bc                DEMO
 .text.main     0x00000000080022c0       0x1e CMakeFiles/sh1106_ultimate.elf.dir/Src/main.c.obj
                0x00000000080022c0                main
 *fill*         0x00000000080022de        0x2 
 .text.SystemClock_Config
                0x00000000080022e0       0xd0 CMakeFiles/sh1106_ultimate.elf.dir/Src/main.c.obj
                0x00000000080022e0                SystemClock_Config
 .text.Error_Handler
                0x00000000080023b0        0xc CMakeFiles/sh1106_ultimate.elf.dir/Src/main.c.obj
                0x00000000080023b0                Error_Handler
 .text.shu_WriteCommand
                0x00000000080023bc       0x3c CMakeFiles/sh1106_ultimate.elf.dir/Src/sh1106Ultimate.c.obj
                0x00000000080023bc                shu_WriteCommand
 .text.shu_GotoXY
                0x00000000080023f8       0x5c CMakeFiles/sh1106_ultimate.elf.dir/Src/sh1106Ultimate.c.obj
                0x00000000080023f8                shu_GotoXY
 .text.shu_ClearDisplay
                0x0000000008002454       0x68 CMakeFiles/sh1106_ultimate.elf.dir/Src/sh1106Ultimate.c.obj
                0x0000000008002454                shu_ClearDisplay
 .text.shu_DrawChar
                0x00000000080024bc       0xa8 CMakeFiles/sh1106_ultimate.elf.dir/Src/sh1106Ultimate.c.obj
                0x00000000080024bc                shu_DrawChar
 .text.shu_DrawString
                0x0000000008002564       0x2a CMakeFiles/sh1106_ultimate.elf.dir/Src/sh1106Ultimate.c.obj
                0x0000000008002564                shu_DrawString
 *fill*         0x000000000800258e        0x2 
 .text.shu_InitDisplay
                0x0000000008002590       0xb4 CMakeFiles/sh1106_ultimate.elf.dir/Src/sh1106Ultimate.c.obj
                0x0000000008002590                shu_InitDisplay
 .text.shu_ChooseFont
                0x0000000008002644       0x3c CMakeFiles/sh1106_ultimate.elf.dir/Src/sh1106Ultimate.c.obj
                0x0000000008002644                shu_ChooseFont
 .text.shu_GetX
                0x0000000008002680       0x14 CMakeFiles/sh1106_ultimate.elf.dir/Src/sh1106Ultimate.c.obj
                0x0000000008002680                shu_GetX
 .text.shu_GetY
                0x0000000008002694       0x14 CMakeFiles/sh1106_ultimate.elf.dir/Src/sh1106Ultimate.c.obj
                0x0000000008002694                shu_GetY
 .text.DrawHeartL
                0x00000000080026a8       0xd4 CMakeFiles/sh1106_ultimate.elf.dir/Src/sh1106Ultimate.c.obj
                0x00000000080026a8                DrawHeartL
 .text.DrawHeartR
                0x000000000800277c       0xf4 CMakeFiles/sh1106_ultimate.elf.dir/Src/sh1106Ultimate.c.obj
                0x000000000800277c                DrawHeartR
 .text.shu_DrawHeart
                0x0000000008002870       0x50 CMakeFiles/sh1106_ultimate.elf.dir/Src/sh1106Ultimate.c.obj
                0x0000000008002870                shu_DrawHeart
 .text.MX_SPI1_Init
                0x00000000080028c0       0x6c CMakeFiles/sh1106_ultimate.elf.dir/Src/spi.c.obj
                0x00000000080028c0                MX_SPI1_Init
 .text.HAL_SPI_MspInit
                0x000000000800292c       0x90 CMakeFiles/sh1106_ultimate.elf.dir/Src/spi.c.obj
                0x000000000800292c                HAL_SPI_MspInit
 .text.HAL_MspInit
                0x00000000080029bc       0x4c CMakeFiles/sh1106_ultimate.elf.dir/Src/stm32f4xx_hal_msp.c.obj
                0x00000000080029bc                HAL_MspInit
 .text.NMI_Handler
                0x0000000008002a08        0xc CMakeFiles/sh1106_ultimate.elf.dir/Src/stm32f4xx_it.c.obj
                0x0000000008002a08                NMI_Handler
 .text.HardFault_Handler
                0x0000000008002a14        0x6 CMakeFiles/sh1106_ultimate.elf.dir/Src/stm32f4xx_it.c.obj
                0x0000000008002a14                HardFault_Handler
 .text.MemManage_Handler
                0x0000000008002a1a        0x6 CMakeFiles/sh1106_ultimate.elf.dir/Src/stm32f4xx_it.c.obj
                0x0000000008002a1a                MemManage_Handler
 .text.BusFault_Handler
                0x0000000008002a20        0x6 CMakeFiles/sh1106_ultimate.elf.dir/Src/stm32f4xx_it.c.obj
                0x0000000008002a20                BusFault_Handler
 .text.UsageFault_Handler
                0x0000000008002a26        0x6 CMakeFiles/sh1106_ultimate.elf.dir/Src/stm32f4xx_it.c.obj
                0x0000000008002a26                UsageFault_Handler
 .text.SVC_Handler
                0x0000000008002a2c        0xc CMakeFiles/sh1106_ultimate.elf.dir/Src/stm32f4xx_it.c.obj
                0x0000000008002a2c                SVC_Handler
 .text.DebugMon_Handler
                0x0000000008002a38        0xc CMakeFiles/sh1106_ultimate.elf.dir/Src/stm32f4xx_it.c.obj
                0x0000000008002a38                DebugMon_Handler
 .text.PendSV_Handler
                0x0000000008002a44        0xc CMakeFiles/sh1106_ultimate.elf.dir/Src/stm32f4xx_it.c.obj
                0x0000000008002a44                PendSV_Handler
 .text.SysTick_Handler
                0x0000000008002a50        0xc CMakeFiles/sh1106_ultimate.elf.dir/Src/stm32f4xx_it.c.obj
                0x0000000008002a50                SysTick_Handler
 .text.SystemInit
                0x0000000008002a5c       0x18 CMakeFiles/sh1106_ultimate.elf.dir/Src/system_stm32f4xx.c.obj
                0x0000000008002a5c                SystemInit
 .text.Reset_Handler
                0x0000000008002a74       0x50 CMakeFiles/sh1106_ultimate.elf.dir/startup/startup_stm32f411xe.s.obj
                0x0000000008002a74                Reset_Handler
 .text.Default_Handler
                0x0000000008002ac4        0x2 CMakeFiles/sh1106_ultimate.elf.dir/startup/startup_stm32f411xe.s.obj
                0x0000000008002ac4                RTC_Alarm_IRQHandler
                0x0000000008002ac4                EXTI2_IRQHandler
                0x0000000008002ac4                SPI4_IRQHandler
                0x0000000008002ac4                TIM1_CC_IRQHandler
                0x0000000008002ac4                DMA2_Stream5_IRQHandler
                0x0000000008002ac4                DMA1_Stream5_IRQHandler
                0x0000000008002ac4                PVD_IRQHandler
                0x0000000008002ac4                SDIO_IRQHandler
                0x0000000008002ac4                TAMP_STAMP_IRQHandler
                0x0000000008002ac4                EXTI3_IRQHandler
                0x0000000008002ac4                TIM1_UP_TIM10_IRQHandler
                0x0000000008002ac4                I2C3_ER_IRQHandler
                0x0000000008002ac4                EXTI0_IRQHandler
                0x0000000008002ac4                I2C2_EV_IRQHandler
                0x0000000008002ac4                DMA1_Stream2_IRQHandler
                0x0000000008002ac4                FPU_IRQHandler
                0x0000000008002ac4                DMA2_Stream2_IRQHandler
                0x0000000008002ac4                SPI1_IRQHandler
                0x0000000008002ac4                TIM1_BRK_TIM9_IRQHandler
                0x0000000008002ac4                DMA2_Stream3_IRQHandler
                0x0000000008002ac4                USART6_IRQHandler
                0x0000000008002ac4                DMA2_Stream0_IRQHandler
                0x0000000008002ac4                TIM4_IRQHandler
                0x0000000008002ac4                I2C1_EV_IRQHandler
                0x0000000008002ac4                DMA1_Stream6_IRQHandler
                0x0000000008002ac4                DMA1_Stream1_IRQHandler
                0x0000000008002ac4                TIM3_IRQHandler
                0x0000000008002ac4                RCC_IRQHandler
                0x0000000008002ac4                Default_Handler
                0x0000000008002ac4                EXTI15_10_IRQHandler
                0x0000000008002ac4                ADC_IRQHandler
                0x0000000008002ac4                DMA1_Stream7_IRQHandler
                0x0000000008002ac4                SPI5_IRQHandler
                0x0000000008002ac4                TIM5_IRQHandler
                0x0000000008002ac4                DMA2_Stream7_IRQHandler
                0x0000000008002ac4                I2C3_EV_IRQHandler
                0x0000000008002ac4                EXTI9_5_IRQHandler
                0x0000000008002ac4                RTC_WKUP_IRQHandler
                0x0000000008002ac4                SPI2_IRQHandler
                0x0000000008002ac4                DMA1_Stream0_IRQHandler
                0x0000000008002ac4                EXTI4_IRQHandler
                0x0000000008002ac4                WWDG_IRQHandler
                0x0000000008002ac4                TIM2_IRQHandler
                0x0000000008002ac4                OTG_FS_WKUP_IRQHandler
                0x0000000008002ac4                TIM1_TRG_COM_TIM11_IRQHandler
                0x0000000008002ac4                EXTI1_IRQHandler
                0x0000000008002ac4                USART2_IRQHandler
                0x0000000008002ac4                I2C2_ER_IRQHandler
                0x0000000008002ac4                DMA2_Stream1_IRQHandler
                0x0000000008002ac4                FLASH_IRQHandler
                0x0000000008002ac4                DMA2_Stream4_IRQHandler
                0x0000000008002ac4                USART1_IRQHandler
                0x0000000008002ac4                OTG_FS_IRQHandler
                0x0000000008002ac4                SPI3_IRQHandler
                0x0000000008002ac4                DMA1_Stream4_IRQHandler
                0x0000000008002ac4                I2C1_ER_IRQHandler
                0x0000000008002ac4                DMA2_Stream6_IRQHandler
                0x0000000008002ac4                DMA1_Stream3_IRQHandler
 *(.glue_7)
 .glue_7        0x0000000008002ac6        0x0 linker stubs
 *(.glue_7t)
 .glue_7t       0x0000000008002ac6        0x0 linker stubs
 *(.eh_frame)
 *fill*         0x0000000008002ac6        0x2 
 .eh_frame      0x0000000008002ac8        0x0 /usr/lib/gcc/arm-none-eabi/7.3.1/thumb/v7e-m/crtbegin.o
 *(.init)
 .init          0x0000000008002ac8        0x4 /usr/lib/gcc/arm-none-eabi/7.3.1/thumb/v7e-m/crti.o
                0x0000000008002ac8                _init
 .init          0x0000000008002acc        0x8 /usr/lib/gcc/arm-none-eabi/7.3.1/thumb/v7e-m/crtn.o
 *(.fini)
 .fini          0x0000000008002ad4        0x4 /usr/lib/gcc/arm-none-eabi/7.3.1/thumb/v7e-m/crti.o
                0x0000000008002ad4                _fini
 .fini          0x0000000008002ad8        0x8 /usr/lib/gcc/arm-none-eabi/7.3.1/thumb/v7e-m/crtn.o
                0x0000000008002ae0                . = ALIGN (0x4)
                0x0000000008002ae0                _etext = .

.vfp11_veneer   0x0000000008002ae0        0x0
 .vfp11_veneer  0x0000000008002ae0        0x0 linker stubs

.v4_bx          0x0000000008002ae0        0x0
 .v4_bx         0x0000000008002ae0        0x0 linker stubs

.iplt           0x0000000008002ae0        0x0
 .iplt          0x0000000008002ae0        0x0 /usr/lib/gcc/arm-none-eabi/7.3.1/thumb/v7e-m/crtbegin.o

.rodata         0x0000000008002ae0       0xd0
                0x0000000008002ae0                . = ALIGN (0x4)
 *(.rodata)
 .rodata        0x0000000008002ae0       0x98 CMakeFiles/sh1106_ultimate.elf.dir/Src/main.c.obj
 .rodata        0x0000000008002b78       0x20 CMakeFiles/sh1106_ultimate.elf.dir/Src/sh1106Ultimate.c.obj
 *(.rodata*)
 .rodata.AHBPrescTable
                0x0000000008002b98       0x10 CMakeFiles/sh1106_ultimate.elf.dir/Src/system_stm32f4xx.c.obj
                0x0000000008002b98                AHBPrescTable
 .rodata.APBPrescTable
                0x0000000008002ba8        0x8 CMakeFiles/sh1106_ultimate.elf.dir/Src/system_stm32f4xx.c.obj
                0x0000000008002ba8                APBPrescTable
                0x0000000008002bb0                . = ALIGN (0x4)

.ARM.extab
 *(.ARM.extab* .gnu.linkonce.armextab.*)

.ARM            0x0000000008002bb0        0x8
                0x0000000008002bb0                __exidx_start = .
 *(.ARM.exidx*)
 .ARM.exidx     0x0000000008002bb0        0x8 /usr/lib/gcc/arm-none-eabi/7.3.1/thumb/v7e-m/libgcc.a(_udivmoddi4.o)
                0x0000000008002bb8                __exidx_end = .

.rel.dyn        0x0000000008002bb8        0x0
 .rel.iplt      0x0000000008002bb8        0x0 /usr/lib/gcc/arm-none-eabi/7.3.1/thumb/v7e-m/crtbegin.o

.preinit_array  0x0000000008002bb8        0x0
                0x0000000008002bb8                PROVIDE (__preinit_array_start = .)
 *(.preinit_array*)
                0x0000000008002bb8                PROVIDE (__preinit_array_end = .)

.init_array     0x0000000008002bb8        0x4
                0x0000000008002bb8                PROVIDE (__init_array_start = .)
 *(SORT_BY_NAME(.init_array.*))
 *(.init_array*)
 .init_array    0x0000000008002bb8        0x4 /usr/lib/gcc/arm-none-eabi/7.3.1/thumb/v7e-m/crtbegin.o
                0x0000000008002bbc                PROVIDE (__init_array_end = .)

.fini_array     0x0000000008002bbc        0x4
                0x0000000008002bbc                PROVIDE (__fini_array_start = .)
 *(SORT_BY_NAME(.fini_array.*))
 *(.fini_array*)
 .fini_array    0x0000000008002bbc        0x4 /usr/lib/gcc/arm-none-eabi/7.3.1/thumb/v7e-m/crtbegin.o
                0x0000000008002bc0                PROVIDE (__fini_array_end = .)
                0x0000000008002bc0                _sidata = LOADADDR (.data)

.data           0x0000000020000000      0xa14 load address 0x0000000008002bc0
                0x0000000020000000                . = ALIGN (0x4)
                0x0000000020000000                _sdata = .
 *(.data)
 *(.data*)
 .data.uwTickPrio
                0x0000000020000000        0x4 CMakeFiles/sh1106_ultimate.elf.dir/Drivers/STM32F4xx_HAL_Driver/Src/stm32f4xx_hal.c.obj
                0x0000000020000000                uwTickPrio
 .data.uwTickFreq
                0x0000000020000004        0x1 CMakeFiles/sh1106_ultimate.elf.dir/Drivers/STM32F4xx_HAL_Driver/Src/stm32f4xx_hal.c.obj
                0x0000000020000004                uwTickFreq
 *fill*         0x0000000020000005        0x3 
 .data.Font5x7  0x0000000020000008      0xa00 CMakeFiles/sh1106_ultimate.elf.dir/Src/sh1106Ultimate.c.obj
                0x0000000020000008                Font5x7
 .data.CurrentFont
                0x0000000020000a08        0x4 CMakeFiles/sh1106_ultimate.elf.dir/Src/sh1106Ultimate.c.obj
                0x0000000020000a08                CurrentFont
 .data.CurrentFontWidth
                0x0000000020000a0c        0x2 CMakeFiles/sh1106_ultimate.elf.dir/Src/sh1106Ultimate.c.obj
                0x0000000020000a0c                CurrentFontWidth
 *fill*         0x0000000020000a0e        0x2 
 .data.SystemCoreClock
                0x0000000020000a10        0x4 CMakeFiles/sh1106_ultimate.elf.dir/Src/system_stm32f4xx.c.obj
                0x0000000020000a10                SystemCoreClock
                0x0000000020000a14                . = ALIGN (0x4)
                0x0000000020000a14                _edata = .

.tm_clone_table
                0x0000000020000a14        0x0 load address 0x00000000080035d4
 .tm_clone_table
                0x0000000020000a14        0x0 /usr/lib/gcc/arm-none-eabi/7.3.1/thumb/v7e-m/crtbegin.o
 .tm_clone_table
                0x0000000020000a14        0x0 /usr/lib/gcc/arm-none-eabi/7.3.1/thumb/v7e-m/crtend.o

.igot.plt       0x0000000020000a14        0x0 load address 0x00000000080035d4
 .igot.plt      0x0000000020000a14        0x0 /usr/lib/gcc/arm-none-eabi/7.3.1/thumb/v7e-m/crtbegin.o
                0x0000000020000a14                . = ALIGN (0x4)

.bss            0x0000000020000a14       0xe0 load address 0x00000000080035d4
                0x0000000020000a14                _sbss = .
                0x0000000020000a14                __bss_start__ = _sbss
 *(.bss)
 .bss           0x0000000020000a14       0x1c /usr/lib/gcc/arm-none-eabi/7.3.1/thumb/v7e-m/crtbegin.o
 *(.bss*)
 .bss.uwTick    0x0000000020000a30        0x4 CMakeFiles/sh1106_ultimate.elf.dir/Drivers/STM32F4xx_HAL_Driver/Src/stm32f4xx_hal.c.obj
                0x0000000020000a30                uwTick
 .bss.hi2c3     0x0000000020000a34       0x54 CMakeFiles/sh1106_ultimate.elf.dir/Src/i2c.c.obj
                0x0000000020000a34                hi2c3
 .bss.display   0x0000000020000a88       0x13 CMakeFiles/sh1106_ultimate.elf.dir/Src/sh1106Ultimate.c.obj
                0x0000000020000a88                display
 *fill*         0x0000000020000a9b        0x1 
 .bss.hspi1     0x0000000020000a9c       0x58 CMakeFiles/sh1106_ultimate.elf.dir/Src/spi.c.obj
                0x0000000020000a9c                hspi1
 *(COMMON)
                0x0000000020000af4                . = ALIGN (0x4)
                0x0000000020000af4                _ebss = .
                0x0000000020000af4                __bss_end__ = _ebss

._user_heap_stack
                0x0000000020000af4      0x604 load address 0x00000000080035d4
                0x0000000020000af8                . = ALIGN (0x8)
 *fill*         0x0000000020000af4        0x4 
                0x0000000020000af8                PROVIDE (end = .)
                [!provide]                        PROVIDE (_end = .)
                0x0000000020000cf8                . = (. + _Min_Heap_Size)
 *fill*         0x0000000020000af8      0x200 
                0x00000000200010f8                . = (. + _Min_Stack_Size)
 *fill*         0x0000000020000cf8      0x400 
                0x00000000200010f8                . = ALIGN (0x8)

/DISCARD/
 libc.a(*)
 libm.a(*)
 libgcc.a(*)

.ARM.attributes
                0x0000000000000000       0x2a
 *(.ARM.attributes)
 .ARM.attributes
                0x0000000000000000       0x1e /usr/lib/gcc/arm-none-eabi/7.3.1/thumb/v7e-m/crti.o
 .ARM.attributes
                0x000000000000001e       0x2e /usr/lib/gcc/arm-none-eabi/7.3.1/thumb/v7e-m/crtbegin.o
 .ARM.attributes
                0x000000000000004c       0x33 CMakeFiles/sh1106_ultimate.elf.dir/Drivers/STM32F4xx_HAL_Driver/Src/stm32f4xx_hal.c.obj
 .ARM.attributes
                0x000000000000007f       0x33 CMakeFiles/sh1106_ultimate.elf.dir/Drivers/STM32F4xx_HAL_Driver/Src/stm32f4xx_hal_cortex.c.obj
 .ARM.attributes
                0x00000000000000b2       0x33 CMakeFiles/sh1106_ultimate.elf.dir/Drivers/STM32F4xx_HAL_Driver/Src/stm32f4xx_hal_gpio.c.obj
 .ARM.attributes
                0x00000000000000e5       0x33 CMakeFiles/sh1106_ultimate.elf.dir/Drivers/STM32F4xx_HAL_Driver/Src/stm32f4xx_hal_i2c.c.obj
 .ARM.attributes
                0x0000000000000118       0x33 CMakeFiles/sh1106_ultimate.elf.dir/Drivers/STM32F4xx_HAL_Driver/Src/stm32f4xx_hal_rcc.c.obj
 .ARM.attributes
                0x000000000000014b       0x33 CMakeFiles/sh1106_ultimate.elf.dir/Drivers/STM32F4xx_HAL_Driver/Src/stm32f4xx_hal_spi.c.obj
 .ARM.attributes
                0x000000000000017e       0x33 CMakeFiles/sh1106_ultimate.elf.dir/Src/gpio.c.obj
 .ARM.attributes
                0x00000000000001b1       0x33 CMakeFiles/sh1106_ultimate.elf.dir/Src/i2c.c.obj
 .ARM.attributes
                0x00000000000001e4       0x33 CMakeFiles/sh1106_ultimate.elf.dir/Src/main.c.obj
 .ARM.attributes
                0x0000000000000217       0x33 CMakeFiles/sh1106_ultimate.elf.dir/Src/sh1106Ultimate.c.obj
 .ARM.attributes
                0x000000000000024a       0x33 CMakeFiles/sh1106_ultimate.elf.dir/Src/spi.c.obj
 .ARM.attributes
                0x000000000000027d       0x33 CMakeFiles/sh1106_ultimate.elf.dir/Src/stm32f4xx_hal_msp.c.obj
 .ARM.attributes
                0x00000000000002b0       0x33 CMakeFiles/sh1106_ultimate.elf.dir/Src/stm32f4xx_it.c.obj
 .ARM.attributes
                0x00000000000002e3       0x33 CMakeFiles/sh1106_ultimate.elf.dir/Src/system_stm32f4xx.c.obj
 .ARM.attributes
                0x0000000000000316       0x21 CMakeFiles/sh1106_ultimate.elf.dir/startup/startup_stm32f411xe.s.obj
 .ARM.attributes
                0x0000000000000337       0x1e /usr/lib/gcc/arm-none-eabi/7.3.1/thumb/v7e-m/libgcc.a(_aeabi_uldivmod.o)
 .ARM.attributes
                0x0000000000000355       0x2e /usr/lib/gcc/arm-none-eabi/7.3.1/thumb/v7e-m/libgcc.a(_udivmoddi4.o)
 .ARM.attributes
                0x0000000000000383       0x1e /usr/lib/gcc/arm-none-eabi/7.3.1/thumb/v7e-m/libgcc.a(_dvmd_tls.o)
 .ARM.attributes
                0x00000000000003a1       0x2e /usr/lib/gcc/arm-none-eabi/7.3.1/../../../arm-none-eabi/lib/thumb/v7e-m/libg_nano.a(lib_a-init.o)
 .ARM.attributes
                0x00000000000003cf       0x2e /usr/lib/gcc/arm-none-eabi/7.3.1/../../../arm-none-eabi/lib/thumb/v7e-m/libg_nano.a(lib_a-memset.o)
 .ARM.attributes
                0x00000000000003fd       0x2e /usr/lib/gcc/arm-none-eabi/7.3.1/thumb/v7e-m/crtend.o
 .ARM.attributes
                0x000000000000042b       0x1e /usr/lib/gcc/arm-none-eabi/7.3.1/thumb/v7e-m/crtn.o
OUTPUT(sh1106_ultimate.elf elf32-littlearm)

.comment        0x0000000000000000       0xae
 .comment       0x0000000000000000       0x57 /usr/lib/gcc/arm-none-eabi/7.3.1/thumb/v7e-m/crtbegin.o
                                         0x58 (size before relaxing)
 .comment       0x0000000000000057       0x58 CMakeFiles/sh1106_ultimate.elf.dir/Drivers/STM32F4xx_HAL_Driver/Src/stm32f4xx_hal.c.obj
 .comment       0x0000000000000057       0x58 CMakeFiles/sh1106_ultimate.elf.dir/Drivers/STM32F4xx_HAL_Driver/Src/stm32f4xx_hal_cortex.c.obj
 .comment       0x0000000000000057       0x58 CMakeFiles/sh1106_ultimate.elf.dir/Drivers/STM32F4xx_HAL_Driver/Src/stm32f4xx_hal_gpio.c.obj
 .comment       0x0000000000000057       0x58 CMakeFiles/sh1106_ultimate.elf.dir/Drivers/STM32F4xx_HAL_Driver/Src/stm32f4xx_hal_i2c.c.obj
 .comment       0x0000000000000057       0x58 CMakeFiles/sh1106_ultimate.elf.dir/Drivers/STM32F4xx_HAL_Driver/Src/stm32f4xx_hal_rcc.c.obj
 .comment       0x0000000000000057       0x58 CMakeFiles/sh1106_ultimate.elf.dir/Drivers/STM32F4xx_HAL_Driver/Src/stm32f4xx_hal_spi.c.obj
 .comment       0x0000000000000057       0x58 CMakeFiles/sh1106_ultimate.elf.dir/Src/gpio.c.obj
 .comment       0x0000000000000057       0x58 CMakeFiles/sh1106_ultimate.elf.dir/Src/i2c.c.obj
 .comment       0x0000000000000057       0x58 CMakeFiles/sh1106_ultimate.elf.dir/Src/main.c.obj
 .comment       0x0000000000000057       0x58 CMakeFiles/sh1106_ultimate.elf.dir/Src/sh1106Ultimate.c.obj
 .comment       0x0000000000000057       0x58 CMakeFiles/sh1106_ultimate.elf.dir/Src/spi.c.obj
 .comment       0x0000000000000057       0x58 CMakeFiles/sh1106_ultimate.elf.dir/Src/stm32f4xx_hal_msp.c.obj
 .comment       0x0000000000000057       0x58 CMakeFiles/sh1106_ultimate.elf.dir/Src/stm32f4xx_it.c.obj
 .comment       0x0000000000000057       0x58 CMakeFiles/sh1106_ultimate.elf.dir/Src/system_stm32f4xx.c.obj
 .comment       0x0000000000000057       0x58 /usr/lib/gcc/arm-none-eabi/7.3.1/thumb/v7e-m/libgcc.a(_udivmoddi4.o)
 .comment       0x0000000000000057       0x57 /usr/lib/gcc/arm-none-eabi/7.3.1/../../../arm-none-eabi/lib/thumb/v7e-m/libg_nano.a(lib_a-init.o)
                                         0x58 (size before relaxing)
 .comment       0x00000000000000ae       0x58 /usr/lib/gcc/arm-none-eabi/7.3.1/../../../arm-none-eabi/lib/thumb/v7e-m/libg_nano.a(lib_a-memset.o)
 .comment       0x00000000000000ae       0x58 /usr/lib/gcc/arm-none-eabi/7.3.1/thumb/v7e-m/crtend.o

.debug_info     0x0000000000000000     0xb902
 .debug_info    0x0000000000000000      0x8ce CMakeFiles/sh1106_ultimate.elf.dir/Drivers/STM32F4xx_HAL_Driver/Src/stm32f4xx_hal.c.obj
 .debug_info    0x00000000000008ce      0xd8d CMakeFiles/sh1106_ultimate.elf.dir/Drivers/STM32F4xx_HAL_Driver/Src/stm32f4xx_hal_cortex.c.obj
 .debug_info    0x000000000000165b      0x7d2 CMakeFiles/sh1106_ultimate.elf.dir/Drivers/STM32F4xx_HAL_Driver/Src/stm32f4xx_hal_gpio.c.obj
 .debug_info    0x0000000000001e2d     0x23af CMakeFiles/sh1106_ultimate.elf.dir/Drivers/STM32F4xx_HAL_Driver/Src/stm32f4xx_hal_i2c.c.obj
 .debug_info    0x00000000000041dc      0x923 CMakeFiles/sh1106_ultimate.elf.dir/Drivers/STM32F4xx_HAL_Driver/Src/stm32f4xx_hal_rcc.c.obj
 .debug_info    0x0000000000004aff     0x1627 CMakeFiles/sh1106_ultimate.elf.dir/Drivers/STM32F4xx_HAL_Driver/Src/stm32f4xx_hal_spi.c.obj
 .debug_info    0x0000000000006126      0x503 CMakeFiles/sh1106_ultimate.elf.dir/Src/gpio.c.obj
 .debug_info    0x0000000000006629      0xa1d CMakeFiles/sh1106_ultimate.elf.dir/Src/i2c.c.obj
 .debug_info    0x0000000000007046      0xd50 CMakeFiles/sh1106_ultimate.elf.dir/Src/main.c.obj
 .debug_info    0x0000000000007d96      0xa0c CMakeFiles/sh1106_ultimate.elf.dir/Src/sh1106Ultimate.c.obj
 .debug_info    0x00000000000087a2      0x9ce CMakeFiles/sh1106_ultimate.elf.dir/Src/spi.c.obj
 .debug_info    0x0000000000009170      0x381 CMakeFiles/sh1106_ultimate.elf.dir/Src/stm32f4xx_hal_msp.c.obj
 .debug_info    0x00000000000094f1      0x1ff CMakeFiles/sh1106_ultimate.elf.dir/Src/stm32f4xx_it.c.obj
 .debug_info    0x00000000000096f0      0x573 CMakeFiles/sh1106_ultimate.elf.dir/Src/system_stm32f4xx.c.obj
 .debug_info    0x0000000000009c63       0x22 CMakeFiles/sh1106_ultimate.elf.dir/startup/startup_stm32f411xe.s.obj
 .debug_info    0x0000000000009c85       0x26 /usr/lib/gcc/arm-none-eabi/7.3.1/thumb/v7e-m/libgcc.a(_aeabi_uldivmod.o)
 .debug_info    0x0000000000009cab      0xd0b /usr/lib/gcc/arm-none-eabi/7.3.1/thumb/v7e-m/libgcc.a(_udivmoddi4.o)
 .debug_info    0x000000000000a9b6       0x26 /usr/lib/gcc/arm-none-eabi/7.3.1/thumb/v7e-m/libgcc.a(_dvmd_tls.o)
 .debug_info    0x000000000000a9dc      0x109 /usr/lib/gcc/arm-none-eabi/7.3.1/../../../arm-none-eabi/lib/thumb/v7e-m/libg_nano.a(lib_a-init.o)
 .debug_info    0x000000000000aae5      0xe1d /usr/lib/gcc/arm-none-eabi/7.3.1/../../../arm-none-eabi/lib/thumb/v7e-m/libg_nano.a(lib_a-memset.o)

.debug_abbrev   0x0000000000000000     0x1d06
 .debug_abbrev  0x0000000000000000      0x1ef CMakeFiles/sh1106_ultimate.elf.dir/Drivers/STM32F4xx_HAL_Driver/Src/stm32f4xx_hal.c.obj
 .debug_abbrev  0x00000000000001ef      0x2f7 CMakeFiles/sh1106_ultimate.elf.dir/Drivers/STM32F4xx_HAL_Driver/Src/stm32f4xx_hal_cortex.c.obj
 .debug_abbrev  0x00000000000004e6      0x1c6 CMakeFiles/sh1106_ultimate.elf.dir/Drivers/STM32F4xx_HAL_Driver/Src/stm32f4xx_hal_gpio.c.obj
 .debug_abbrev  0x00000000000006ac      0x260 CMakeFiles/sh1106_ultimate.elf.dir/Drivers/STM32F4xx_HAL_Driver/Src/stm32f4xx_hal_i2c.c.obj
 .debug_abbrev  0x000000000000090c      0x242 CMakeFiles/sh1106_ultimate.elf.dir/Drivers/STM32F4xx_HAL_Driver/Src/stm32f4xx_hal_rcc.c.obj
 .debug_abbrev  0x0000000000000b4e      0x23d CMakeFiles/sh1106_ultimate.elf.dir/Drivers/STM32F4xx_HAL_Driver/Src/stm32f4xx_hal_spi.c.obj
 .debug_abbrev  0x0000000000000d8b      0x131 CMakeFiles/sh1106_ultimate.elf.dir/Src/gpio.c.obj
 .debug_abbrev  0x0000000000000ebc      0x196 CMakeFiles/sh1106_ultimate.elf.dir/Src/i2c.c.obj
 .debug_abbrev  0x0000000000001052      0x1c2 CMakeFiles/sh1106_ultimate.elf.dir/Src/main.c.obj
 .debug_abbrev  0x0000000000001214      0x236 CMakeFiles/sh1106_ultimate.elf.dir/Src/sh1106Ultimate.c.obj
 .debug_abbrev  0x000000000000144a      0x196 CMakeFiles/sh1106_ultimate.elf.dir/Src/spi.c.obj
 .debug_abbrev  0x00000000000015e0      0x106 CMakeFiles/sh1106_ultimate.elf.dir/Src/stm32f4xx_hal_msp.c.obj
 .debug_abbrev  0x00000000000016e6       0xc3 CMakeFiles/sh1106_ultimate.elf.dir/Src/stm32f4xx_it.c.obj
 .debug_abbrev  0x00000000000017a9      0x128 CMakeFiles/sh1106_ultimate.elf.dir/Src/system_stm32f4xx.c.obj
 .debug_abbrev  0x00000000000018d1       0x12 CMakeFiles/sh1106_ultimate.elf.dir/startup/startup_stm32f411xe.s.obj
 .debug_abbrev  0x00000000000018e3       0x14 /usr/lib/gcc/arm-none-eabi/7.3.1/thumb/v7e-m/libgcc.a(_aeabi_uldivmod.o)
 .debug_abbrev  0x00000000000018f7      0x199 /usr/lib/gcc/arm-none-eabi/7.3.1/thumb/v7e-m/libgcc.a(_udivmoddi4.o)
 .debug_abbrev  0x0000000000001a90       0x14 /usr/lib/gcc/arm-none-eabi/7.3.1/thumb/v7e-m/libgcc.a(_dvmd_tls.o)
 .debug_abbrev  0x0000000000001aa4       0xba /usr/lib/gcc/arm-none-eabi/7.3.1/../../../arm-none-eabi/lib/thumb/v7e-m/libg_nano.a(lib_a-init.o)
 .debug_abbrev  0x0000000000001b5e      0x1a8 /usr/lib/gcc/arm-none-eabi/7.3.1/../../../arm-none-eabi/lib/thumb/v7e-m/libg_nano.a(lib_a-memset.o)

.debug_aranges  0x0000000000000000      0xa08
 .debug_aranges
                0x0000000000000000       0xf0 CMakeFiles/sh1106_ultimate.elf.dir/Drivers/STM32F4xx_HAL_Driver/Src/stm32f4xx_hal.c.obj
 .debug_aranges
                0x00000000000000f0      0x118 CMakeFiles/sh1106_ultimate.elf.dir/Drivers/STM32F4xx_HAL_Driver/Src/stm32f4xx_hal_cortex.c.obj
 .debug_aranges
                0x0000000000000208       0x58 CMakeFiles/sh1106_ultimate.elf.dir/Drivers/STM32F4xx_HAL_Driver/Src/stm32f4xx_hal_gpio.c.obj
 .debug_aranges
                0x0000000000000260      0x298 CMakeFiles/sh1106_ultimate.elf.dir/Drivers/STM32F4xx_HAL_Driver/Src/stm32f4xx_hal_i2c.c.obj
 .debug_aranges
                0x00000000000004f8       0x88 CMakeFiles/sh1106_ultimate.elf.dir/Drivers/STM32F4xx_HAL_Driver/Src/stm32f4xx_hal_rcc.c.obj
 .debug_aranges
                0x0000000000000580      0x1d0 CMakeFiles/sh1106_ultimate.elf.dir/Drivers/STM32F4xx_HAL_Driver/Src/stm32f4xx_hal_spi.c.obj
 .debug_aranges
                0x0000000000000750       0x20 CMakeFiles/sh1106_ultimate.elf.dir/Src/gpio.c.obj
 .debug_aranges
                0x0000000000000770       0x30 CMakeFiles/sh1106_ultimate.elf.dir/Src/i2c.c.obj
 .debug_aranges
                0x00000000000007a0       0x38 CMakeFiles/sh1106_ultimate.elf.dir/Src/main.c.obj
 .debug_aranges
                0x00000000000007d8       0x90 CMakeFiles/sh1106_ultimate.elf.dir/Src/sh1106Ultimate.c.obj
 .debug_aranges
                0x0000000000000868       0x30 CMakeFiles/sh1106_ultimate.elf.dir/Src/spi.c.obj
 .debug_aranges
                0x0000000000000898       0x20 CMakeFiles/sh1106_ultimate.elf.dir/Src/stm32f4xx_hal_msp.c.obj
 .debug_aranges
                0x00000000000008b8       0x60 CMakeFiles/sh1106_ultimate.elf.dir/Src/stm32f4xx_it.c.obj
 .debug_aranges
                0x0000000000000918       0x28 CMakeFiles/sh1106_ultimate.elf.dir/Src/system_stm32f4xx.c.obj
 .debug_aranges
                0x0000000000000940       0x28 CMakeFiles/sh1106_ultimate.elf.dir/startup/startup_stm32f411xe.s.obj
 .debug_aranges
                0x0000000000000968       0x20 /usr/lib/gcc/arm-none-eabi/7.3.1/thumb/v7e-m/libgcc.a(_aeabi_uldivmod.o)
 .debug_aranges
                0x0000000000000988       0x20 /usr/lib/gcc/arm-none-eabi/7.3.1/thumb/v7e-m/libgcc.a(_udivmoddi4.o)
 .debug_aranges
                0x00000000000009a8       0x20 /usr/lib/gcc/arm-none-eabi/7.3.1/thumb/v7e-m/libgcc.a(_dvmd_tls.o)
 .debug_aranges
                0x00000000000009c8       0x20 /usr/lib/gcc/arm-none-eabi/7.3.1/../../../arm-none-eabi/lib/thumb/v7e-m/libg_nano.a(lib_a-init.o)
 .debug_aranges
                0x00000000000009e8       0x20 /usr/lib/gcc/arm-none-eabi/7.3.1/../../../arm-none-eabi/lib/thumb/v7e-m/libg_nano.a(lib_a-memset.o)

.debug_ranges   0x0000000000000000      0x980
 .debug_ranges  0x0000000000000000       0xe0 CMakeFiles/sh1106_ultimate.elf.dir/Drivers/STM32F4xx_HAL_Driver/Src/stm32f4xx_hal.c.obj
 .debug_ranges  0x00000000000000e0      0x108 CMakeFiles/sh1106_ultimate.elf.dir/Drivers/STM32F4xx_HAL_Driver/Src/stm32f4xx_hal_cortex.c.obj
 .debug_ranges  0x00000000000001e8       0x48 CMakeFiles/sh1106_ultimate.elf.dir/Drivers/STM32F4xx_HAL_Driver/Src/stm32f4xx_hal_gpio.c.obj
 .debug_ranges  0x0000000000000230      0x2a8 CMakeFiles/sh1106_ultimate.elf.dir/Drivers/STM32F4xx_HAL_Driver/Src/stm32f4xx_hal_i2c.c.obj
 .debug_ranges  0x00000000000004d8       0x78 CMakeFiles/sh1106_ultimate.elf.dir/Drivers/STM32F4xx_HAL_Driver/Src/stm32f4xx_hal_rcc.c.obj
 .debug_ranges  0x0000000000000550      0x1c0 CMakeFiles/sh1106_ultimate.elf.dir/Drivers/STM32F4xx_HAL_Driver/Src/stm32f4xx_hal_spi.c.obj
 .debug_ranges  0x0000000000000710       0x10 CMakeFiles/sh1106_ultimate.elf.dir/Src/gpio.c.obj
 .debug_ranges  0x0000000000000720       0x20 CMakeFiles/sh1106_ultimate.elf.dir/Src/i2c.c.obj
 .debug_ranges  0x0000000000000740       0x28 CMakeFiles/sh1106_ultimate.elf.dir/Src/main.c.obj
 .debug_ranges  0x0000000000000768       0x80 CMakeFiles/sh1106_ultimate.elf.dir/Src/sh1106Ultimate.c.obj
 .debug_ranges  0x00000000000007e8       0x20 CMakeFiles/sh1106_ultimate.elf.dir/Src/spi.c.obj
 .debug_ranges  0x0000000000000808       0x10 CMakeFiles/sh1106_ultimate.elf.dir/Src/stm32f4xx_hal_msp.c.obj
 .debug_ranges  0x0000000000000818       0x50 CMakeFiles/sh1106_ultimate.elf.dir/Src/stm32f4xx_it.c.obj
 .debug_ranges  0x0000000000000868       0x18 CMakeFiles/sh1106_ultimate.elf.dir/Src/system_stm32f4xx.c.obj
 .debug_ranges  0x0000000000000880       0x20 CMakeFiles/sh1106_ultimate.elf.dir/startup/startup_stm32f411xe.s.obj
 .debug_ranges  0x00000000000008a0       0xe0 /usr/lib/gcc/arm-none-eabi/7.3.1/thumb/v7e-m/libgcc.a(_udivmoddi4.o)

.debug_line     0x0000000000000000     0x5256
 .debug_line    0x0000000000000000      0x443 CMakeFiles/sh1106_ultimate.elf.dir/Drivers/STM32F4xx_HAL_Driver/Src/stm32f4xx_hal.c.obj
 .debug_line    0x0000000000000443      0x579 CMakeFiles/sh1106_ultimate.elf.dir/Drivers/STM32F4xx_HAL_Driver/Src/stm32f4xx_hal_cortex.c.obj
 .debug_line    0x00000000000009bc      0x3fe CMakeFiles/sh1106_ultimate.elf.dir/Drivers/STM32F4xx_HAL_Driver/Src/stm32f4xx_hal_gpio.c.obj
 .debug_line    0x0000000000000dba     0x16ab CMakeFiles/sh1106_ultimate.elf.dir/Drivers/STM32F4xx_HAL_Driver/Src/stm32f4xx_hal_i2c.c.obj
 .debug_line    0x0000000000002465      0x4e4 CMakeFiles/sh1106_ultimate.elf.dir/Drivers/STM32F4xx_HAL_Driver/Src/stm32f4xx_hal_rcc.c.obj
 .debug_line    0x0000000000002949      0xc24 CMakeFiles/sh1106_ultimate.elf.dir/Drivers/STM32F4xx_HAL_Driver/Src/stm32f4xx_hal_spi.c.obj
 .debug_line    0x000000000000356d      0x239 CMakeFiles/sh1106_ultimate.elf.dir/Src/gpio.c.obj
 .debug_line    0x00000000000037a6      0x2d3 CMakeFiles/sh1106_ultimate.elf.dir/Src/i2c.c.obj
 .debug_line    0x0000000000003a79      0x38c CMakeFiles/sh1106_ultimate.elf.dir/Src/main.c.obj
 .debug_line    0x0000000000003e05      0x476 CMakeFiles/sh1106_ultimate.elf.dir/Src/sh1106Ultimate.c.obj
 .debug_line    0x000000000000427b      0x2ce CMakeFiles/sh1106_ultimate.elf.dir/Src/spi.c.obj
 .debug_line    0x0000000000004549      0x209 CMakeFiles/sh1106_ultimate.elf.dir/Src/stm32f4xx_hal_msp.c.obj
 .debug_line    0x0000000000004752      0x28a CMakeFiles/sh1106_ultimate.elf.dir/Src/stm32f4xx_it.c.obj
 .debug_line    0x00000000000049dc      0x22d CMakeFiles/sh1106_ultimate.elf.dir/Src/system_stm32f4xx.c.obj
 .debug_line    0x0000000000004c09       0xac CMakeFiles/sh1106_ultimate.elf.dir/startup/startup_stm32f411xe.s.obj
 .debug_line    0x0000000000004cb5       0x5d /usr/lib/gcc/arm-none-eabi/7.3.1/thumb/v7e-m/libgcc.a(_aeabi_uldivmod.o)
 .debug_line    0x0000000000004d12      0x24c /usr/lib/gcc/arm-none-eabi/7.3.1/thumb/v7e-m/libgcc.a(_udivmoddi4.o)
 .debug_line    0x0000000000004f5e       0x5d /usr/lib/gcc/arm-none-eabi/7.3.1/thumb/v7e-m/libgcc.a(_dvmd_tls.o)
 .debug_line    0x0000000000004fbb       0xb9 /usr/lib/gcc/arm-none-eabi/7.3.1/../../../arm-none-eabi/lib/thumb/v7e-m/libg_nano.a(lib_a-init.o)
 .debug_line    0x0000000000005074      0x1e2 /usr/lib/gcc/arm-none-eabi/7.3.1/../../../arm-none-eabi/lib/thumb/v7e-m/libg_nano.a(lib_a-memset.o)

.debug_str      0x0000000000000000     0x4a36
 .debug_str     0x0000000000000000      0x9f5 CMakeFiles/sh1106_ultimate.elf.dir/Drivers/STM32F4xx_HAL_Driver/Src/stm32f4xx_hal.c.obj
                                        0xa5e (size before relaxing)
 .debug_str     0x00000000000009f5      0x51a CMakeFiles/sh1106_ultimate.elf.dir/Drivers/STM32F4xx_HAL_Driver/Src/stm32f4xx_hal_cortex.c.obj
                                        0xbd0 (size before relaxing)
 .debug_str     0x0000000000000f0f      0x205 CMakeFiles/sh1106_ultimate.elf.dir/Drivers/STM32F4xx_HAL_Driver/Src/stm32f4xx_hal_gpio.c.obj
                                        0x600 (size before relaxing)
 .debug_str     0x0000000000001114      0xd5a CMakeFiles/sh1106_ultimate.elf.dir/Drivers/STM32F4xx_HAL_Driver/Src/stm32f4xx_hal_i2c.c.obj
                                       0x10c3 (size before relaxing)
 .debug_str     0x0000000000001e6e      0x316 CMakeFiles/sh1106_ultimate.elf.dir/Drivers/STM32F4xx_HAL_Driver/Src/stm32f4xx_hal_rcc.c.obj
                                        0x7b7 (size before relaxing)
 .debug_str     0x0000000000002184      0x702 CMakeFiles/sh1106_ultimate.elf.dir/Drivers/STM32F4xx_HAL_Driver/Src/stm32f4xx_hal_spi.c.obj
                                        0xc9b (size before relaxing)
 .debug_str     0x0000000000002886       0x48 CMakeFiles/sh1106_ultimate.elf.dir/Src/gpio.c.obj
                                        0x479 (size before relaxing)
 .debug_str     0x00000000000028ce       0x57 CMakeFiles/sh1106_ultimate.elf.dir/Src/i2c.c.obj
                                        0x993 (size before relaxing)
 .debug_str     0x0000000000002925       0x96 CMakeFiles/sh1106_ultimate.elf.dir/Src/main.c.obj
                                        0xc3c (size before relaxing)
 .debug_str     0x00000000000029bb      0x1da CMakeFiles/sh1106_ultimate.elf.dir/Src/sh1106Ultimate.c.obj
                                        0x985 (size before relaxing)
 .debug_str     0x0000000000002b95       0x51 CMakeFiles/sh1106_ultimate.elf.dir/Src/spi.c.obj
                                        0x8d7 (size before relaxing)
 .debug_str     0x0000000000002be6       0x48 CMakeFiles/sh1106_ultimate.elf.dir/Src/stm32f4xx_hal_msp.c.obj
                                        0x3e8 (size before relaxing)
 .debug_str     0x0000000000002c2e       0xd3 CMakeFiles/sh1106_ultimate.elf.dir/Src/stm32f4xx_it.c.obj
                                        0x352 (size before relaxing)
 .debug_str     0x0000000000002d01       0x72 CMakeFiles/sh1106_ultimate.elf.dir/Src/system_stm32f4xx.c.obj
                                        0x464 (size before relaxing)
 .debug_str     0x0000000000002d73       0x5a CMakeFiles/sh1106_ultimate.elf.dir/startup/startup_stm32f411xe.s.obj
                                         0x9c (size before relaxing)
 .debug_str     0x0000000000002dcd       0x9a /usr/lib/gcc/arm-none-eabi/7.3.1/thumb/v7e-m/libgcc.a(_aeabi_uldivmod.o)
 .debug_str     0x0000000000002e67     0x1320 /usr/lib/gcc/arm-none-eabi/7.3.1/thumb/v7e-m/libgcc.a(_udivmoddi4.o)
                                       0x1411 (size before relaxing)
 .debug_str     0x0000000000004187       0x2d /usr/lib/gcc/arm-none-eabi/7.3.1/thumb/v7e-m/libgcc.a(_dvmd_tls.o)
                                         0x9e (size before relaxing)
 .debug_str     0x00000000000041b4      0x188 /usr/lib/gcc/arm-none-eabi/7.3.1/../../../arm-none-eabi/lib/thumb/v7e-m/libg_nano.a(lib_a-init.o)
                                        0x223 (size before relaxing)
 .debug_str     0x000000000000433c      0x6fa /usr/lib/gcc/arm-none-eabi/7.3.1/../../../arm-none-eabi/lib/thumb/v7e-m/libg_nano.a(lib_a-memset.o)
                                        0x909 (size before relaxing)

.debug_frame    0x0000000000000000     0x25e8
 .debug_frame   0x0000000000000000      0x374 CMakeFiles/sh1106_ultimate.elf.dir/Drivers/STM32F4xx_HAL_Driver/Src/stm32f4xx_hal.c.obj
 .debug_frame   0x0000000000000374      0x498 CMakeFiles/sh1106_ultimate.elf.dir/Drivers/STM32F4xx_HAL_Driver/Src/stm32f4xx_hal_cortex.c.obj
 .debug_frame   0x000000000000080c      0x14c CMakeFiles/sh1106_ultimate.elf.dir/Drivers/STM32F4xx_HAL_Driver/Src/stm32f4xx_hal_gpio.c.obj
 .debug_frame   0x0000000000000958      0xc38 CMakeFiles/sh1106_ultimate.elf.dir/Drivers/STM32F4xx_HAL_Driver/Src/stm32f4xx_hal_i2c.c.obj
 .debug_frame   0x0000000000001590      0x1f0 CMakeFiles/sh1106_ultimate.elf.dir/Drivers/STM32F4xx_HAL_Driver/Src/stm32f4xx_hal_rcc.c.obj
 .debug_frame   0x0000000000001780      0x824 CMakeFiles/sh1106_ultimate.elf.dir/Drivers/STM32F4xx_HAL_Driver/Src/stm32f4xx_hal_spi.c.obj
 .debug_frame   0x0000000000001fa4       0x34 CMakeFiles/sh1106_ultimate.elf.dir/Src/gpio.c.obj
 .debug_frame   0x0000000000001fd8       0x74 CMakeFiles/sh1106_ultimate.elf.dir/Src/i2c.c.obj
 .debug_frame   0x000000000000204c       0x98 CMakeFiles/sh1106_ultimate.elf.dir/Src/main.c.obj
 .debug_frame   0x00000000000020e4      0x230 CMakeFiles/sh1106_ultimate.elf.dir/Src/sh1106Ultimate.c.obj
 .debug_frame   0x0000000000002314       0x74 CMakeFiles/sh1106_ultimate.elf.dir/Src/spi.c.obj
 .debug_frame   0x0000000000002388       0x38 CMakeFiles/sh1106_ultimate.elf.dir/Src/stm32f4xx_hal_msp.c.obj
 .debug_frame   0x00000000000023c0      0x10c CMakeFiles/sh1106_ultimate.elf.dir/Src/stm32f4xx_it.c.obj
 .debug_frame   0x00000000000024cc       0x58 CMakeFiles/sh1106_ultimate.elf.dir/Src/system_stm32f4xx.c.obj
 .debug_frame   0x0000000000002524       0x2c /usr/lib/gcc/arm-none-eabi/7.3.1/thumb/v7e-m/libgcc.a(_aeabi_uldivmod.o)
 .debug_frame   0x0000000000002550       0x34 /usr/lib/gcc/arm-none-eabi/7.3.1/thumb/v7e-m/libgcc.a(_udivmoddi4.o)
 .debug_frame   0x0000000000002584       0x2c /usr/lib/gcc/arm-none-eabi/7.3.1/../../../arm-none-eabi/lib/thumb/v7e-m/libg_nano.a(lib_a-init.o)
 .debug_frame   0x00000000000025b0       0x38 /usr/lib/gcc/arm-none-eabi/7.3.1/../../../arm-none-eabi/lib/thumb/v7e-m/libg_nano.a(lib_a-memset.o)

.debug_loc      0x0000000000000000     0x1062
 .debug_loc     0x0000000000000000      0xe4b /usr/lib/gcc/arm-none-eabi/7.3.1/thumb/v7e-m/libgcc.a(_udivmoddi4.o)
 .debug_loc     0x0000000000000e4b       0xa2 /usr/lib/gcc/arm-none-eabi/7.3.1/../../../arm-none-eabi/lib/thumb/v7e-m/libg_nano.a(lib_a-init.o)
 .debug_loc     0x0000000000000eed      0x175 /usr/lib/gcc/arm-none-eabi/7.3.1/../../../arm-none-eabi/lib/thumb/v7e-m/libg_nano.a(lib_a-memset.o)
